Command line invocation:
    /Applications/Xcode.app/Contents/Developer/usr/bin/xcodebuild -project /Volumes/SN550-2T/freewind-demos/swiftui-macos-builtin-keyboard-shortcuts-demo/SwiftUIBuiltinKeyboardShortcutsDemo.xcodeproj -scheme SwiftUIBuiltinKeyboardShortcutsDemo -configuration Debug -destination platform=macOS,arch=x86_64 -derivedDataPath /Volumes/SN550-2T/freewind-demos/swiftui-macos-builtin-keyboard-shortcuts-demo/build/out/DerivedData ONLY_ACTIVE_ARCH=YES ARCHS=x86_64 CONFIGURATION_BUILD_DIR=/Volumes/SN550-2T/freewind-demos/swiftui-macos-builtin-keyboard-shortcuts-demo/build/out/Debug build

Build settings from command line:
    ARCHS = x86_64
    CONFIGURATION_BUILD_DIR = /Volumes/SN550-2T/freewind-demos/swiftui-macos-builtin-keyboard-shortcuts-demo/build/out/Debug
    ONLY_ACTIVE_ARCH = YES

ComputePackagePrebuildTargetDependencyGraph

Prepare packages

CreateBuildRequest

SendProjectDescription

CreateBuildOperation

ComputeTargetDependencyGraph
note: Building targets in dependency order
note: Target dependency graph (1 target)
    Target 'SwiftUIBuiltinKeyboardShortcutsDemo' in project 'SwiftUIBuiltinKeyboardShortcutsDemo' (no dependencies)

GatherProvisioningInputs

CreateBuildDescription

ExecuteExternalTool /Applications/Xcode.app/Contents/Developer/Toolchains/XcodeDefault.xctoolchain/usr/bin/clang -v -E -dM -isysroot /Applications/Xcode.app/Contents/Developer/Platforms/MacOSX.platform/Developer/SDKs/MacOSX26.2.sdk -x c -c /dev/null

ExecuteExternalTool /Applications/Xcode.app/Contents/Developer/Toolchains/XcodeDefault.xctoolchain/usr/bin/swiftc --version

ExecuteExternalTool /Applications/Xcode.app/Contents/Developer/Toolchains/XcodeDefault.xctoolchain/usr/bin/ld -version_details

Build description signature: b9f8650c9ba0c1ac81341af64b6f81fb
Build description path: /Volumes/SN550-2T/freewind-demos/swiftui-macos-builtin-keyboard-shortcuts-demo/build/out/DerivedData/Build/Intermediates.noindex/XCBuildData/b9f8650c9ba0c1ac81341af64b6f81fb.xcbuilddata
CreateBuildDirectory /Volumes/SN550-2T/freewind-demos/swiftui-macos-builtin-keyboard-shortcuts-demo/build/out/DerivedData/Build/Products
    cd /Volumes/SN550-2T/freewind-demos/swiftui-macos-builtin-keyboard-shortcuts-demo/SwiftUIBuiltinKeyboardShortcutsDemo.xcodeproj
    builtin-create-build-directory /Volumes/SN550-2T/freewind-demos/swiftui-macos-builtin-keyboard-shortcuts-demo/build/out/DerivedData/Build/Products

CreateBuildDirectory /Volumes/SN550-2T/freewind-demos/swiftui-macos-builtin-keyboard-shortcuts-demo/build/out/DerivedData/Build/Intermediates.noindex
    cd /Volumes/SN550-2T/freewind-demos/swiftui-macos-builtin-keyboard-shortcuts-demo/SwiftUIBuiltinKeyboardShortcutsDemo.xcodeproj
    builtin-create-build-directory /Volumes/SN550-2T/freewind-demos/swiftui-macos-builtin-keyboard-shortcuts-demo/build/out/DerivedData/Build/Intermediates.noindex

CreateBuildDirectory /Volumes/SN550-2T/freewind-demos/swiftui-macos-builtin-keyboard-shortcuts-demo/build/out/Debug
    cd /Volumes/SN550-2T/freewind-demos/swiftui-macos-builtin-keyboard-shortcuts-demo/SwiftUIBuiltinKeyboardShortcutsDemo.xcodeproj
    builtin-create-build-directory /Volumes/SN550-2T/freewind-demos/swiftui-macos-builtin-keyboard-shortcuts-demo/build/out/Debug

ClangStatCache /Applications/Xcode.app/Contents/Developer/Toolchains/XcodeDefault.xctoolchain/usr/bin/clang-stat-cache /Applications/Xcode.app/Contents/Developer/Platforms/MacOSX.platform/Developer/SDKs/MacOSX26.2.sdk /Volumes/SN550-2T/freewind-demos/swiftui-macos-builtin-keyboard-shortcuts-demo/build/out/DerivedData/SDKStatCaches.noindex/macosx26.2-25C58-00fa09913b459cbbc988d1f6730289ae.sdkstatcache
    cd /Volumes/SN550-2T/freewind-demos/swiftui-macos-builtin-keyboard-shortcuts-demo/SwiftUIBuiltinKeyboardShortcutsDemo.xcodeproj
    /Applications/Xcode.app/Contents/Developer/Toolchains/XcodeDefault.xctoolchain/usr/bin/clang-stat-cache /Applications/Xcode.app/Contents/Developer/Platforms/MacOSX.platform/Developer/SDKs/MacOSX26.2.sdk -o /Volumes/SN550-2T/freewind-demos/swiftui-macos-builtin-keyboard-shortcuts-demo/build/out/DerivedData/SDKStatCaches.noindex/macosx26.2-25C58-00fa09913b459cbbc988d1f6730289ae.sdkstatcache

CreateBuildDirectory /Volumes/SN550-2T/freewind-demos/swiftui-macos-builtin-keyboard-shortcuts-demo/build/out/DerivedData/Build/Intermediates.noindex/ExplicitPrecompiledModules
    cd /Volumes/SN550-2T/freewind-demos/swiftui-macos-builtin-keyboard-shortcuts-demo/SwiftUIBuiltinKeyboardShortcutsDemo.xcodeproj
    builtin-create-build-directory /Volumes/SN550-2T/freewind-demos/swiftui-macos-builtin-keyboard-shortcuts-demo/build/out/DerivedData/Build/Intermediates.noindex/ExplicitPrecompiledModules

CreateBuildDirectory /Volumes/SN550-2T/freewind-demos/swiftui-macos-builtin-keyboard-shortcuts-demo/build/out/DerivedData/Build/Intermediates.noindex/SwiftExplicitPrecompiledModules
    cd /Volumes/SN550-2T/freewind-demos/swiftui-macos-builtin-keyboard-shortcuts-demo/SwiftUIBuiltinKeyboardShortcutsDemo.xcodeproj
    builtin-create-build-directory /Volumes/SN550-2T/freewind-demos/swiftui-macos-builtin-keyboard-shortcuts-demo/build/out/DerivedData/Build/Intermediates.noindex/SwiftExplicitPrecompiledModules

CreateBuildDirectory /Volumes/SN550-2T/freewind-demos/swiftui-macos-builtin-keyboard-shortcuts-demo/build/out/DerivedData/Build/Intermediates.noindex/EagerLinkingTBDs/Debug
    cd /Volumes/SN550-2T/freewind-demos/swiftui-macos-builtin-keyboard-shortcuts-demo/SwiftUIBuiltinKeyboardShortcutsDemo.xcodeproj
    builtin-create-build-directory /Volumes/SN550-2T/freewind-demos/swiftui-macos-builtin-keyboard-shortcuts-demo/build/out/DerivedData/Build/Intermediates.noindex/EagerLinkingTBDs/Debug

WriteAuxiliaryFile /Volumes/SN550-2T/freewind-demos/swiftui-macos-builtin-keyboard-shortcuts-demo/build/out/DerivedData/Build/Intermediates.noindex/SwiftUIBuiltinKeyboardShortcutsDemo.build/Debug/SwiftUIBuiltinKeyboardShortcutsDemo-cb2704c92006854979d46e0fb9a5c707-VFS/all-product-headers.yaml
    cd /Volumes/SN550-2T/freewind-demos/swiftui-macos-builtin-keyboard-shortcuts-demo/SwiftUIBuiltinKeyboardShortcutsDemo.xcodeproj
    write-file /Volumes/SN550-2T/freewind-demos/swiftui-macos-builtin-keyboard-shortcuts-demo/build/out/DerivedData/Build/Intermediates.noindex/SwiftUIBuiltinKeyboardShortcutsDemo.build/Debug/SwiftUIBuiltinKeyboardShortcutsDemo-cb2704c92006854979d46e0fb9a5c707-VFS/all-product-headers.yaml

WriteAuxiliaryFile /Volumes/SN550-2T/freewind-demos/swiftui-macos-builtin-keyboard-shortcuts-demo/build/out/DerivedData/Build/Intermediates.noindex/SwiftUIBuiltinKeyboardShortcutsDemo.build/Debug/SwiftUIBuiltinKeyboardShortcutsDemo.build/SwiftUIBuiltinKeyboardShortcutsDemo.hmap (in target 'SwiftUIBuiltinKeyboardShortcutsDemo' from project 'SwiftUIBuiltinKeyboardShortcutsDemo')
    cd /Volumes/SN550-2T/freewind-demos/swiftui-macos-builtin-keyboard-shortcuts-demo
    write-file /Volumes/SN550-2T/freewind-demos/swiftui-macos-builtin-keyboard-shortcuts-demo/build/out/DerivedData/Build/Intermediates.noindex/SwiftUIBuiltinKeyboardShortcutsDemo.build/Debug/SwiftUIBuiltinKeyboardShortcutsDemo.build/SwiftUIBuiltinKeyboardShortcutsDemo.hmap

WriteAuxiliaryFile /Volumes/SN550-2T/freewind-demos/swiftui-macos-builtin-keyboard-shortcuts-demo/build/out/DerivedData/Build/Intermediates.noindex/SwiftUIBuiltinKeyboardShortcutsDemo.build/Debug/SwiftUIBuiltinKeyboardShortcutsDemo.build/SwiftUIBuiltinKeyboardShortcutsDemo-project-headers.hmap (in target 'SwiftUIBuiltinKeyboardShortcutsDemo' from project 'SwiftUIBuiltinKeyboardShortcutsDemo')
    cd /Volumes/SN550-2T/freewind-demos/swiftui-macos-builtin-keyboard-shortcuts-demo
    write-file /Volumes/SN550-2T/freewind-demos/swiftui-macos-builtin-keyboard-shortcuts-demo/build/out/DerivedData/Build/Intermediates.noindex/SwiftUIBuiltinKeyboardShortcutsDemo.build/Debug/SwiftUIBuiltinKeyboardShortcutsDemo.build/SwiftUIBuiltinKeyboardShortcutsDemo-project-headers.hmap

WriteAuxiliaryFile /Volumes/SN550-2T/freewind-demos/swiftui-macos-builtin-keyboard-shortcuts-demo/build/out/DerivedData/Build/Intermediates.noindex/SwiftUIBuiltinKeyboardShortcutsDemo.build/Debug/SwiftUIBuiltinKeyboardShortcutsDemo.build/SwiftUIBuiltinKeyboardShortcutsDemo-generated-files.hmap (in target 'SwiftUIBuiltinKeyboardShortcutsDemo' from project 'SwiftUIBuiltinKeyboardShortcutsDemo')
    cd /Volumes/SN550-2T/freewind-demos/swiftui-macos-builtin-keyboard-shortcuts-demo
    write-file /Volumes/SN550-2T/freewind-demos/swiftui-macos-builtin-keyboard-shortcuts-demo/build/out/DerivedData/Build/Intermediates.noindex/SwiftUIBuiltinKeyboardShortcutsDemo.build/Debug/SwiftUIBuiltinKeyboardShortcutsDemo.build/SwiftUIBuiltinKeyboardShortcutsDemo-generated-files.hmap

WriteAuxiliaryFile /Volumes/SN550-2T/freewind-demos/swiftui-macos-builtin-keyboard-shortcuts-demo/build/out/DerivedData/Build/Intermediates.noindex/SwiftUIBuiltinKeyboardShortcutsDemo.build/Debug/SwiftUIBuiltinKeyboardShortcutsDemo.build/SwiftUIBuiltinKeyboardShortcutsDemo-all-non-framework-target-headers.hmap (in target 'SwiftUIBuiltinKeyboardShortcutsDemo' from project 'SwiftUIBuiltinKeyboardShortcutsDemo')
    cd /Volumes/SN550-2T/freewind-demos/swiftui-macos-builtin-keyboard-shortcuts-demo
    write-file /Volumes/SN550-2T/freewind-demos/swiftui-macos-builtin-keyboard-shortcuts-demo/build/out/DerivedData/Build/Intermediates.noindex/SwiftUIBuiltinKeyboardShortcutsDemo.build/Debug/SwiftUIBuiltinKeyboardShortcutsDemo.build/SwiftUIBuiltinKeyboardShortcutsDemo-all-non-framework-target-headers.hmap

WriteAuxiliaryFile /Volumes/SN550-2T/freewind-demos/swiftui-macos-builtin-keyboard-shortcuts-demo/build/out/DerivedData/Build/Intermediates.noindex/SwiftUIBuiltinKeyboardShortcutsDemo.build/Debug/SwiftUIBuiltinKeyboardShortcutsDemo.build/SwiftUIBuiltinKeyboardShortcutsDemo-all-target-headers.hmap (in target 'SwiftUIBuiltinKeyboardShortcutsDemo' from project 'SwiftUIBuiltinKeyboardShortcutsDemo')
    cd /Volumes/SN550-2T/freewind-demos/swiftui-macos-builtin-keyboard-shortcuts-demo
    write-file /Volumes/SN550-2T/freewind-demos/swiftui-macos-builtin-keyboard-shortcuts-demo/build/out/DerivedData/Build/Intermediates.noindex/SwiftUIBuiltinKeyboardShortcutsDemo.build/Debug/SwiftUIBuiltinKeyboardShortcutsDemo.build/SwiftUIBuiltinKeyboardShortcutsDemo-all-target-headers.hmap

WriteAuxiliaryFile /Volumes/SN550-2T/freewind-demos/swiftui-macos-builtin-keyboard-shortcuts-demo/build/out/DerivedData/Build/Intermediates.noindex/SwiftUIBuiltinKeyboardShortcutsDemo.build/Debug/SwiftUIBuiltinKeyboardShortcutsDemo.build/SwiftUIBuiltinKeyboardShortcutsDemo-own-target-headers.hmap (in target 'SwiftUIBuiltinKeyboardShortcutsDemo' from project 'SwiftUIBuiltinKeyboardShortcutsDemo')
    cd /Volumes/SN550-2T/freewind-demos/swiftui-macos-builtin-keyboard-shortcuts-demo
    write-file /Volumes/SN550-2T/freewind-demos/swiftui-macos-builtin-keyboard-shortcuts-demo/build/out/DerivedData/Build/Intermediates.noindex/SwiftUIBuiltinKeyboardShortcutsDemo.build/Debug/SwiftUIBuiltinKeyboardShortcutsDemo.build/SwiftUIBuiltinKeyboardShortcutsDemo-own-target-headers.hmap

WriteAuxiliaryFile /Volumes/SN550-2T/freewind-demos/swiftui-macos-builtin-keyboard-shortcuts-demo/build/out/DerivedData/Build/Intermediates.noindex/SwiftUIBuiltinKeyboardShortcutsDemo.build/Debug/SwiftUIBuiltinKeyboardShortcutsDemo.build/SwiftUIBuiltinKeyboardShortcutsDemo-DebugDylibInstallName-normal-x86_64.txt (in target 'SwiftUIBuiltinKeyboardShortcutsDemo' from project 'SwiftUIBuiltinKeyboardShortcutsDemo')
    cd /Volumes/SN550-2T/freewind-demos/swiftui-macos-builtin-keyboard-shortcuts-demo
    write-file /Volumes/SN550-2T/freewind-demos/swiftui-macos-builtin-keyboard-shortcuts-demo/build/out/DerivedData/Build/Intermediates.noindex/SwiftUIBuiltinKeyboardShortcutsDemo.build/Debug/SwiftUIBuiltinKeyboardShortcutsDemo.build/SwiftUIBuiltinKeyboardShortcutsDemo-DebugDylibInstallName-normal-x86_64.txt

WriteAuxiliaryFile /Volumes/SN550-2T/freewind-demos/swiftui-macos-builtin-keyboard-shortcuts-demo/build/out/DerivedData/Build/Intermediates.noindex/SwiftUIBuiltinKeyboardShortcutsDemo.build/Debug/SwiftUIBuiltinKeyboardShortcutsDemo.build/SwiftUIBuiltinKeyboardShortcutsDemo-DebugDylibPath-normal-x86_64.txt (in target 'SwiftUIBuiltinKeyboardShortcutsDemo' from project 'SwiftUIBuiltinKeyboardShortcutsDemo')
    cd /Volumes/SN550-2T/freewind-demos/swiftui-macos-builtin-keyboard-shortcuts-demo
    write-file /Volumes/SN550-2T/freewind-demos/swiftui-macos-builtin-keyboard-shortcuts-demo/build/out/DerivedData/Build/Intermediates.noindex/SwiftUIBuiltinKeyboardShortcutsDemo.build/Debug/SwiftUIBuiltinKeyboardShortcutsDemo.build/SwiftUIBuiltinKeyboardShortcutsDemo-DebugDylibPath-normal-x86_64.txt

WriteAuxiliaryFile /Volumes/SN550-2T/freewind-demos/swiftui-macos-builtin-keyboard-shortcuts-demo/build/out/DerivedData/Build/Intermediates.noindex/SwiftUIBuiltinKeyboardShortcutsDemo.build/Debug/SwiftUIBuiltinKeyboardShortcutsDemo.build/DerivedSources/Entitlements.plist (in target 'SwiftUIBuiltinKeyboardShortcutsDemo' from project 'SwiftUIBuiltinKeyboardShortcutsDemo')
    cd /Volumes/SN550-2T/freewind-demos/swiftui-macos-builtin-keyboard-shortcuts-demo
    write-file /Volumes/SN550-2T/freewind-demos/swiftui-macos-builtin-keyboard-shortcuts-demo/build/out/DerivedData/Build/Intermediates.noindex/SwiftUIBuiltinKeyboardShortcutsDemo.build/Debug/SwiftUIBuiltinKeyboardShortcutsDemo.build/DerivedSources/Entitlements.plist

WriteAuxiliaryFile /Volumes/SN550-2T/freewind-demos/swiftui-macos-builtin-keyboard-shortcuts-demo/build/out/DerivedData/Build/Intermediates.noindex/SwiftUIBuiltinKeyboardShortcutsDemo.build/Debug/SwiftUIBuiltinKeyboardShortcutsDemo.build/Objects-normal/x86_64/SwiftUIBuiltinKeyboardShortcutsDemo-OutputFileMap.json (in target 'SwiftUIBuiltinKeyboardShortcutsDemo' from project 'SwiftUIBuiltinKeyboardShortcutsDemo')
    cd /Volumes/SN550-2T/freewind-demos/swiftui-macos-builtin-keyboard-shortcuts-demo
    write-file /Volumes/SN550-2T/freewind-demos/swiftui-macos-builtin-keyboard-shortcuts-demo/build/out/DerivedData/Build/Intermediates.noindex/SwiftUIBuiltinKeyboardShortcutsDemo.build/Debug/SwiftUIBuiltinKeyboardShortcutsDemo.build/Objects-normal/x86_64/SwiftUIBuiltinKeyboardShortcutsDemo-OutputFileMap.json

WriteAuxiliaryFile /Volumes/SN550-2T/freewind-demos/swiftui-macos-builtin-keyboard-shortcuts-demo/build/out/DerivedData/Build/Intermediates.noindex/SwiftUIBuiltinKeyboardShortcutsDemo.build/Debug/SwiftUIBuiltinKeyboardShortcutsDemo.build/Objects-normal/x86_64/SwiftUIBuiltinKeyboardShortcutsDemo_const_extract_protocols.json (in target 'SwiftUIBuiltinKeyboardShortcutsDemo' from project 'SwiftUIBuiltinKeyboardShortcutsDemo')
    cd /Volumes/SN550-2T/freewind-demos/swiftui-macos-builtin-keyboard-shortcuts-demo
    write-file /Volumes/SN550-2T/freewind-demos/swiftui-macos-builtin-keyboard-shortcuts-demo/build/out/DerivedData/Build/Intermediates.noindex/SwiftUIBuiltinKeyboardShortcutsDemo.build/Debug/SwiftUIBuiltinKeyboardShortcutsDemo.build/Objects-normal/x86_64/SwiftUIBuiltinKeyboardShortcutsDemo_const_extract_protocols.json

WriteAuxiliaryFile /Volumes/SN550-2T/freewind-demos/swiftui-macos-builtin-keyboard-shortcuts-demo/build/out/DerivedData/Build/Intermediates.noindex/SwiftUIBuiltinKeyboardShortcutsDemo.build/Debug/SwiftUIBuiltinKeyboardShortcutsDemo.build/SwiftUIBuiltinKeyboardShortcutsDemo.DependencyStaticMetadataFileList (in target 'SwiftUIBuiltinKeyboardShortcutsDemo' from project 'SwiftUIBuiltinKeyboardShortcutsDemo')
    cd /Volumes/SN550-2T/freewind-demos/swiftui-macos-builtin-keyboard-shortcuts-demo
    write-file /Volumes/SN550-2T/freewind-demos/swiftui-macos-builtin-keyboard-shortcuts-demo/build/out/DerivedData/Build/Intermediates.noindex/SwiftUIBuiltinKeyboardShortcutsDemo.build/Debug/SwiftUIBuiltinKeyboardShortcutsDemo.build/SwiftUIBuiltinKeyboardShortcutsDemo.DependencyStaticMetadataFileList

WriteAuxiliaryFile /Volumes/SN550-2T/freewind-demos/swiftui-macos-builtin-keyboard-shortcuts-demo/build/out/DerivedData/Build/Intermediates.noindex/SwiftUIBuiltinKeyboardShortcutsDemo.build/Debug/SwiftUIBuiltinKeyboardShortcutsDemo.build/SwiftUIBuiltinKeyboardShortcutsDemo.DependencyMetadataFileList (in target 'SwiftUIBuiltinKeyboardShortcutsDemo' from project 'SwiftUIBuiltinKeyboardShortcutsDemo')
    cd /Volumes/SN550-2T/freewind-demos/swiftui-macos-builtin-keyboard-shortcuts-demo
    write-file /Volumes/SN550-2T/freewind-demos/swiftui-macos-builtin-keyboard-shortcuts-demo/build/out/DerivedData/Build/Intermediates.noindex/SwiftUIBuiltinKeyboardShortcutsDemo.build/Debug/SwiftUIBuiltinKeyboardShortcutsDemo.build/SwiftUIBuiltinKeyboardShortcutsDemo.DependencyMetadataFileList

WriteAuxiliaryFile /Volumes/SN550-2T/freewind-demos/swiftui-macos-builtin-keyboard-shortcuts-demo/build/out/DerivedData/Build/Intermediates.noindex/SwiftUIBuiltinKeyboardShortcutsDemo.build/Debug/SwiftUIBuiltinKeyboardShortcutsDemo.build/Objects-normal/x86_64/SwiftUIBuiltinKeyboardShortcutsDemo.SwiftFileList (in target 'SwiftUIBuiltinKeyboardShortcutsDemo' from project 'SwiftUIBuiltinKeyboardShortcutsDemo')
    cd /Volumes/SN550-2T/freewind-demos/swiftui-macos-builtin-keyboard-shortcuts-demo
    write-file /Volumes/SN550-2T/freewind-demos/swiftui-macos-builtin-keyboard-shortcuts-demo/build/out/DerivedData/Build/Intermediates.noindex/SwiftUIBuiltinKeyboardShortcutsDemo.build/Debug/SwiftUIBuiltinKeyboardShortcutsDemo.build/Objects-normal/x86_64/SwiftUIBuiltinKeyboardShortcutsDemo.SwiftFileList

WriteAuxiliaryFile /Volumes/SN550-2T/freewind-demos/swiftui-macos-builtin-keyboard-shortcuts-demo/build/out/DerivedData/Build/Intermediates.noindex/SwiftUIBuiltinKeyboardShortcutsDemo.build/Debug/SwiftUIBuiltinKeyboardShortcutsDemo.build/Objects-normal/x86_64/SwiftUIBuiltinKeyboardShortcutsDemo.SwiftConstValuesFileList (in target 'SwiftUIBuiltinKeyboardShortcutsDemo' from project 'SwiftUIBuiltinKeyboardShortcutsDemo')
    cd /Volumes/SN550-2T/freewind-demos/swiftui-macos-builtin-keyboard-shortcuts-demo
    write-file /Volumes/SN550-2T/freewind-demos/swiftui-macos-builtin-keyboard-shortcuts-demo/build/out/DerivedData/Build/Intermediates.noindex/SwiftUIBuiltinKeyboardShortcutsDemo.build/Debug/SwiftUIBuiltinKeyboardShortcutsDemo.build/Objects-normal/x86_64/SwiftUIBuiltinKeyboardShortcutsDemo.SwiftConstValuesFileList

WriteAuxiliaryFile /Volumes/SN550-2T/freewind-demos/swiftui-macos-builtin-keyboard-shortcuts-demo/build/out/DerivedData/Build/Intermediates.noindex/SwiftUIBuiltinKeyboardShortcutsDemo.build/Debug/SwiftUIBuiltinKeyboardShortcutsDemo.build/Objects-normal/x86_64/SwiftUIBuiltinKeyboardShortcutsDemo.LinkFileList (in target 'SwiftUIBuiltinKeyboardShortcutsDemo' from project 'SwiftUIBuiltinKeyboardShortcutsDemo')
    cd /Volumes/SN550-2T/freewind-demos/swiftui-macos-builtin-keyboard-shortcuts-demo
    write-file /Volumes/SN550-2T/freewind-demos/swiftui-macos-builtin-keyboard-shortcuts-demo/build/out/DerivedData/Build/Intermediates.noindex/SwiftUIBuiltinKeyboardShortcutsDemo.build/Debug/SwiftUIBuiltinKeyboardShortcutsDemo.build/Objects-normal/x86_64/SwiftUIBuiltinKeyboardShortcutsDemo.LinkFileList

MkDir /Volumes/SN550-2T/freewind-demos/swiftui-macos-builtin-keyboard-shortcuts-demo/build/out/Debug/SwiftUIBuiltinKeyboardShortcutsDemo.app (in target 'SwiftUIBuiltinKeyboardShortcutsDemo' from project 'SwiftUIBuiltinKeyboardShortcutsDemo')
    cd /Volumes/SN550-2T/freewind-demos/swiftui-macos-builtin-keyboard-shortcuts-demo
    /bin/mkdir -p /Volumes/SN550-2T/freewind-demos/swiftui-macos-builtin-keyboard-shortcuts-demo/build/out/Debug/SwiftUIBuiltinKeyboardShortcutsDemo.app

MkDir /Volumes/SN550-2T/freewind-demos/swiftui-macos-builtin-keyboard-shortcuts-demo/build/out/Debug/SwiftUIBuiltinKeyboardShortcutsDemo.app/Contents (in target 'SwiftUIBuiltinKeyboardShortcutsDemo' from project 'SwiftUIBuiltinKeyboardShortcutsDemo')
    cd /Volumes/SN550-2T/freewind-demos/swiftui-macos-builtin-keyboard-shortcuts-demo
    /bin/mkdir -p /Volumes/SN550-2T/freewind-demos/swiftui-macos-builtin-keyboard-shortcuts-demo/build/out/Debug/SwiftUIBuiltinKeyboardShortcutsDemo.app/Contents

MkDir /Volumes/SN550-2T/freewind-demos/swiftui-macos-builtin-keyboard-shortcuts-demo/build/out/Debug/SwiftUIBuiltinKeyboardShortcutsDemo.app/Contents/MacOS (in target 'SwiftUIBuiltinKeyboardShortcutsDemo' from project 'SwiftUIBuiltinKeyboardShortcutsDemo')
    cd /Volumes/SN550-2T/freewind-demos/swiftui-macos-builtin-keyboard-shortcuts-demo
    /bin/mkdir -p /Volumes/SN550-2T/freewind-demos/swiftui-macos-builtin-keyboard-shortcuts-demo/build/out/Debug/SwiftUIBuiltinKeyboardShortcutsDemo.app/Contents/MacOS

ProcessProductPackaging "" /Volumes/SN550-2T/freewind-demos/swiftui-macos-builtin-keyboard-shortcuts-demo/build/out/DerivedData/Build/Intermediates.noindex/SwiftUIBuiltinKeyboardShortcutsDemo.build/Debug/SwiftUIBuiltinKeyboardShortcutsDemo.build/SwiftUIBuiltinKeyboardShortcutsDemo.app.xcent (in target 'SwiftUIBuiltinKeyboardShortcutsDemo' from project 'SwiftUIBuiltinKeyboardShortcutsDemo')
    cd /Volumes/SN550-2T/freewind-demos/swiftui-macos-builtin-keyboard-shortcuts-demo
    
    Entitlements:
    
    {
    "com.apple.security.get-task-allow" = 1;
}
    
    builtin-productPackagingUtility -entitlements -format xml -o /Volumes/SN550-2T/freewind-demos/swiftui-macos-builtin-keyboard-shortcuts-demo/build/out/DerivedData/Build/Intermediates.noindex/SwiftUIBuiltinKeyboardShortcutsDemo.build/Debug/SwiftUIBuiltinKeyboardShortcutsDemo.build/SwiftUIBuiltinKeyboardShortcutsDemo.app.xcent

ProcessProductPackagingDER /Volumes/SN550-2T/freewind-demos/swiftui-macos-builtin-keyboard-shortcuts-demo/build/out/DerivedData/Build/Intermediates.noindex/SwiftUIBuiltinKeyboardShortcutsDemo.build/Debug/SwiftUIBuiltinKeyboardShortcutsDemo.build/SwiftUIBuiltinKeyboardShortcutsDemo.app.xcent /Volumes/SN550-2T/freewind-demos/swiftui-macos-builtin-keyboard-shortcuts-demo/build/out/DerivedData/Build/Intermediates.noindex/SwiftUIBuiltinKeyboardShortcutsDemo.build/Debug/SwiftUIBuiltinKeyboardShortcutsDemo.build/SwiftUIBuiltinKeyboardShortcutsDemo.app.xcent.der (in target 'SwiftUIBuiltinKeyboardShortcutsDemo' from project 'SwiftUIBuiltinKeyboardShortcutsDemo')
    cd /Volumes/SN550-2T/freewind-demos/swiftui-macos-builtin-keyboard-shortcuts-demo
    /usr/bin/derq query -f xml -i /Volumes/SN550-2T/freewind-demos/swiftui-macos-builtin-keyboard-shortcuts-demo/build/out/DerivedData/Build/Intermediates.noindex/SwiftUIBuiltinKeyboardShortcutsDemo.build/Debug/SwiftUIBuiltinKeyboardShortcutsDemo.build/SwiftUIBuiltinKeyboardShortcutsDemo.app.xcent -o /Volumes/SN550-2T/freewind-demos/swiftui-macos-builtin-keyboard-shortcuts-demo/build/out/DerivedData/Build/Intermediates.noindex/SwiftUIBuiltinKeyboardShortcutsDemo.build/Debug/SwiftUIBuiltinKeyboardShortcutsDemo.build/SwiftUIBuiltinKeyboardShortcutsDemo.app.xcent.der --raw

Ld /Volumes/SN550-2T/freewind-demos/swiftui-macos-builtin-keyboard-shortcuts-demo/build/out/Debug/SwiftUIBuiltinKeyboardShortcutsDemo.app/Contents/MacOS/__preview.dylib normal (in target 'SwiftUIBuiltinKeyboardShortcutsDemo' from project 'SwiftUIBuiltinKeyboardShortcutsDemo')
    cd /Volumes/SN550-2T/freewind-demos/swiftui-macos-builtin-keyboard-shortcuts-demo
    /Applications/Xcode.app/Contents/Developer/Toolchains/XcodeDefault.xctoolchain/usr/bin/clang -Xlinker -reproducible -target x86_64-apple-macos14.0 -dynamiclib -isysroot /Applications/Xcode.app/Contents/Developer/Platforms/MacOSX.platform/Developer/SDKs/MacOSX26.2.sdk -O0 -L/Volumes/SN550-2T/freewind-demos/swiftui-macos-builtin-keyboard-shortcuts-demo/build/out/Debug -F/Volumes/SN550-2T/freewind-demos/swiftui-macos-builtin-keyboard-shortcuts-demo/build/out/Debug -install_name @rpath/SwiftUIBuiltinKeyboardShortcutsDemo.debug.dylib -rdynamic -Xlinker -no_deduplicate -Xlinker -dependency_info -Xlinker /Volumes/SN550-2T/freewind-demos/swiftui-macos-builtin-keyboard-shortcuts-demo/build/out/DerivedData/Build/Intermediates.noindex/SwiftUIBuiltinKeyboardShortcutsDemo.build/Debug/SwiftUIBuiltinKeyboardShortcutsDemo.build/Objects-normal/x86_64/SwiftUIBuiltinKeyboardShortcutsDemo_dependency_info.dat -Xlinker -no_adhoc_codesign -o /Volumes/SN550-2T/freewind-demos/swiftui-macos-builtin-keyboard-shortcuts-demo/build/out/Debug/SwiftUIBuiltinKeyboardShortcutsDemo.app/Contents/MacOS/__preview.dylib

ProcessInfoPlistFile /Volumes/SN550-2T/freewind-demos/swiftui-macos-builtin-keyboard-shortcuts-demo/build/out/Debug/SwiftUIBuiltinKeyboardShortcutsDemo.app/Contents/Info.plist /Volumes/SN550-2T/freewind-demos/swiftui-macos-builtin-keyboard-shortcuts-demo/Sources/Info.plist (in target 'SwiftUIBuiltinKeyboardShortcutsDemo' from project 'SwiftUIBuiltinKeyboardShortcutsDemo')
    cd /Volumes/SN550-2T/freewind-demos/swiftui-macos-builtin-keyboard-shortcuts-demo
    builtin-infoPlistUtility /Volumes/SN550-2T/freewind-demos/swiftui-macos-builtin-keyboard-shortcuts-demo/Sources/Info.plist -producttype com.apple.product-type.application -genpkginfo /Volumes/SN550-2T/freewind-demos/swiftui-macos-builtin-keyboard-shortcuts-demo/build/out/Debug/SwiftUIBuiltinKeyboardShortcutsDemo.app/Contents/PkgInfo -expandbuildsettings -platform macosx -o /Volumes/SN550-2T/freewind-demos/swiftui-macos-builtin-keyboard-shortcuts-demo/build/out/Debug/SwiftUIBuiltinKeyboardShortcutsDemo.app/Contents/Info.plist

SwiftDriver SwiftUIBuiltinKeyboardShortcutsDemo normal x86_64 com.apple.xcode.tools.swift.compiler (in target 'SwiftUIBuiltinKeyboardShortcutsDemo' from project 'SwiftUIBuiltinKeyboardShortcutsDemo')
    cd /Volumes/SN550-2T/freewind-demos/swiftui-macos-builtin-keyboard-shortcuts-demo
    builtin-SwiftDriver -- /Applications/Xcode.app/Contents/Developer/Toolchains/XcodeDefault.xctoolchain/usr/bin/swiftc -module-name SwiftUIBuiltinKeyboardShortcutsDemo -Onone -enforce-exclusivity\=checked @/Volumes/SN550-2T/freewind-demos/swiftui-macos-builtin-keyboard-shortcuts-demo/build/out/DerivedData/Build/Intermediates.noindex/SwiftUIBuiltinKeyboardShortcutsDemo.build/Debug/SwiftUIBuiltinKeyboardShortcutsDemo.build/Objects-normal/x86_64/SwiftUIBuiltinKeyboardShortcutsDemo.SwiftFileList -DDEBUG -enable-bare-slash-regex -enable-experimental-feature DebugDescriptionMacro -sdk /Applications/Xcode.app/Contents/Developer/Platforms/MacOSX.platform/Developer/SDKs/MacOSX26.2.sdk -target x86_64-apple-macos14.0 -g -module-cache-path /Volumes/SN550-2T/freewind-demos/swiftui-macos-builtin-keyboard-shortcuts-demo/build/out/DerivedData/ModuleCache.noindex -Xfrontend -serialize-debugging-options -enable-testing -index-store-path /Volumes/SN550-2T/freewind-demos/swiftui-macos-builtin-keyboard-shortcuts-demo/build/out/DerivedData/Index.noindex/DataStore -Xcc -D_LIBCPP_HARDENING_MODE\=_LIBCPP_HARDENING_MODE_DEBUG -swift-version 5 -I /Volumes/SN550-2T/freewind-demos/swiftui-macos-builtin-keyboard-shortcuts-demo/build/out/Debug -F /Volumes/SN550-2T/freewind-demos/swiftui-macos-builtin-keyboard-shortcuts-demo/build/out/Debug -c -j12 -enable-batch-mode -incremental -Xcc -ivfsstatcache -Xcc /Volumes/SN550-2T/freewind-demos/swiftui-macos-builtin-keyboard-shortcuts-demo/build/out/DerivedData/SDKStatCaches.noindex/macosx26.2-25C58-00fa09913b459cbbc988d1f6730289ae.sdkstatcache -output-file-map /Volumes/SN550-2T/freewind-demos/swiftui-macos-builtin-keyboard-shortcuts-demo/build/out/DerivedData/Build/Intermediates.noindex/SwiftUIBuiltinKeyboardShortcutsDemo.build/Debug/SwiftUIBuiltinKeyboardShortcutsDemo.build/Objects-normal/x86_64/SwiftUIBuiltinKeyboardShortcutsDemo-OutputFileMap.json -use-frontend-parseable-output -save-temps -no-color-diagnostics -explicit-module-build -module-cache-path /Volumes/SN550-2T/freewind-demos/swiftui-macos-builtin-keyboard-shortcuts-demo/build/out/DerivedData/Build/Intermediates.noindex/SwiftExplicitPrecompiledModules -clang-scanner-module-cache-path /Volumes/SN550-2T/freewind-demos/swiftui-macos-builtin-keyboard-shortcuts-demo/build/out/DerivedData/ModuleCache.noindex -sdk-module-cache-path /Volumes/SN550-2T/freewind-demos/swiftui-macos-builtin-keyboard-shortcuts-demo/build/out/DerivedData/ModuleCache.noindex -serialize-diagnostics -emit-dependencies -emit-module -emit-module-path /Volumes/SN550-2T/freewind-demos/swiftui-macos-builtin-keyboard-shortcuts-demo/build/out/DerivedData/Build/Intermediates.noindex/SwiftUIBuiltinKeyboardShortcutsDemo.build/Debug/SwiftUIBuiltinKeyboardShortcutsDemo.build/Objects-normal/x86_64/SwiftUIBuiltinKeyboardShortcutsDemo.swiftmodule -validate-clang-modules-once -clang-build-session-file /Volumes/SN550-2T/freewind-demos/swiftui-macos-builtin-keyboard-shortcuts-demo/build/out/DerivedData/ModuleCache.noindex/Session.modulevalidation -Xcc -I/Volumes/SN550-2T/freewind-demos/swiftui-macos-builtin-keyboard-shortcuts-demo/build/out/DerivedData/Build/Intermediates.noindex/SwiftUIBuiltinKeyboardShortcutsDemo.build/Debug/SwiftUIBuiltinKeyboardShortcutsDemo.build/swift-overrides.hmap -emit-const-values -Xfrontend -const-gather-protocols-file -Xfrontend /Volumes/SN550-2T/freewind-demos/swiftui-macos-builtin-keyboard-shortcuts-demo/build/out/DerivedData/Build/Intermediates.noindex/SwiftUIBuiltinKeyboardShortcutsDemo.build/Debug/SwiftUIBuiltinKeyboardShortcutsDemo.build/Objects-normal/x86_64/SwiftUIBuiltinKeyboardShortcutsDemo_const_extract_protocols.json -Xcc -iquote -Xcc /Volumes/SN550-2T/freewind-demos/swiftui-macos-builtin-keyboard-shortcuts-demo/build/out/DerivedData/Build/Intermediates.noindex/SwiftUIBuiltinKeyboardShortcutsDemo.build/Debug/SwiftUIBuiltinKeyboardShortcutsDemo.build/SwiftUIBuiltinKeyboardShortcutsDemo-generated-files.hmap -Xcc -I/Volumes/SN550-2T/freewind-demos/swiftui-macos-builtin-keyboard-shortcuts-demo/build/out/DerivedData/Build/Intermediates.noindex/SwiftUIBuiltinKeyboardShortcutsDemo.build/Debug/SwiftUIBuiltinKeyboardShortcutsDemo.build/SwiftUIBuiltinKeyboardShortcutsDemo-own-target-headers.hmap -Xcc -I/Volumes/SN550-2T/freewind-demos/swiftui-macos-builtin-keyboard-shortcuts-demo/build/out/DerivedData/Build/Intermediates.noindex/SwiftUIBuiltinKeyboardShortcutsDemo.build/Debug/SwiftUIBuiltinKeyboardShortcutsDemo.build/SwiftUIBuiltinKeyboardShortcutsDemo-all-target-headers.hmap -Xcc -iquote -Xcc /Volumes/SN550-2T/freewind-demos/swiftui-macos-builtin-keyboard-shortcuts-demo/build/out/DerivedData/Build/Intermediates.noindex/SwiftUIBuiltinKeyboardShortcutsDemo.build/Debug/SwiftUIBuiltinKeyboardShortcutsDemo.build/SwiftUIBuiltinKeyboardShortcutsDemo-project-headers.hmap -Xcc -I/Volumes/SN550-2T/freewind-demos/swiftui-macos-builtin-keyboard-shortcuts-demo/build/out/Debug/include -Xcc -I/Volumes/SN550-2T/freewind-demos/swiftui-macos-builtin-keyboard-shortcuts-demo/build/out/DerivedData/Build/Intermediates.noindex/SwiftUIBuiltinKeyboardShortcutsDemo.build/Debug/SwiftUIBuiltinKeyboardShortcutsDemo.build/DerivedSources-normal/x86_64 -Xcc -I/Volumes/SN550-2T/freewind-demos/swiftui-macos-builtin-keyboard-shortcuts-demo/build/out/DerivedData/Build/Intermediates.noindex/SwiftUIBuiltinKeyboardShortcutsDemo.build/Debug/SwiftUIBuiltinKeyboardShortcutsDemo.build/DerivedSources/x86_64 -Xcc -I/Volumes/SN550-2T/freewind-demos/swiftui-macos-builtin-keyboard-shortcuts-demo/build/out/DerivedData/Build/Intermediates.noindex/SwiftUIBuiltinKeyboardShortcutsDemo.build/Debug/SwiftUIBuiltinKeyboardShortcutsDemo.build/DerivedSources -Xcc -DDEBUG\=1 -emit-objc-header -emit-objc-header-path /Volumes/SN550-2T/freewind-demos/swiftui-macos-builtin-keyboard-shortcuts-demo/build/out/DerivedData/Build/Intermediates.noindex/SwiftUIBuiltinKeyboardShortcutsDemo.build/Debug/SwiftUIBuiltinKeyboardShortcutsDemo.build/Objects-normal/x86_64/SwiftUIBuiltinKeyboardShortcutsDemo-Swift.h -working-directory /Volumes/SN550-2T/freewind-demos/swiftui-macos-builtin-keyboard-shortcuts-demo -experimental-emit-module-separately -disable-cmo

SwiftExplicitDependencyGeneratePcm x86_64 /Volumes/SN550-2T/freewind-demos/swiftui-macos-builtin-keyboard-shortcuts-demo/build/out/DerivedData/ModuleCache.noindex/SwiftShims-CWFSG6GXK4QJC4VDZDF0N1G1H.pcm

SwiftExplicitDependencyGeneratePcm x86_64 /Volumes/SN550-2T/freewind-demos/swiftui-macos-builtin-keyboard-shortcuts-demo/build/out/DerivedData/ModuleCache.noindex/_SwiftConcurrencyShims-EBY71ORYQ6M1ZD4P534NMSL3Z.pcm

SwiftExplicitDependencyGeneratePcm x86_64 /Volumes/SN550-2T/freewind-demos/swiftui-macos-builtin-keyboard-shortcuts-demo/build/out/DerivedData/ModuleCache.noindex/ptrauth-B280BPUN28J9GTXE3ERNGV0AX.pcm

SwiftExplicitDependencyGeneratePcm x86_64 /Volumes/SN550-2T/freewind-demos/swiftui-macos-builtin-keyboard-shortcuts-demo/build/out/DerivedData/ModuleCache.noindex/_AvailabilityInternal-1IB73O1C1LCPCOQF2F1S657YM.pcm

SwiftExplicitDependencyGeneratePcm x86_64 /Volumes/SN550-2T/freewind-demos/swiftui-macos-builtin-keyboard-shortcuts-demo/build/out/DerivedData/ModuleCache.noindex/_Builtin_stdarg-71EA2JJYWNS9ZL6TYRWATVTWY.pcm

SwiftExplicitDependencyGeneratePcm x86_64 /Volumes/SN550-2T/freewind-demos/swiftui-macos-builtin-keyboard-shortcuts-demo/build/out/DerivedData/ModuleCache.noindex/_Builtin_stddef-AX4R0LTH3UBUH32QEI0EU7GWP.pcm

SwiftExplicitDependencyGeneratePcm x86_64 /Volumes/SN550-2T/freewind-demos/swiftui-macos-builtin-keyboard-shortcuts-demo/build/out/DerivedData/ModuleCache.noindex/_Builtin_float-AWQP80G6LXRAGD6X422AV5BKB.pcm

SwiftExplicitDependencyGeneratePcm x86_64 /Volumes/SN550-2T/freewind-demos/swiftui-macos-builtin-keyboard-shortcuts-demo/build/out/DerivedData/ModuleCache.noindex/_Builtin_stdbool-6SNKEHSPZFNWHMZODI84U14ES.pcm

SwiftExplicitDependencyGeneratePcm x86_64 /Volumes/SN550-2T/freewind-demos/swiftui-macos-builtin-keyboard-shortcuts-demo/build/out/DerivedData/ModuleCache.noindex/ptrcheck-CGFMLXN9WKJ3MWD3HAON6NOG9.pcm

SwiftExplicitDependencyGeneratePcm x86_64 /Volumes/SN550-2T/freewind-demos/swiftui-macos-builtin-keyboard-shortcuts-demo/build/out/DerivedData/ModuleCache.noindex/DeveloperToolsSupport-C9FTWY55ENORMMFV7XVYT8RU6.pcm

SwiftExplicitDependencyGeneratePcm x86_64 /Volumes/SN550-2T/freewind-demos/swiftui-macos-builtin-keyboard-shortcuts-demo/build/out/DerivedData/ModuleCache.noindex/_DarwinFoundation1-2ZLTSCSSOUL538OMANUBL7V4X.pcm

SwiftExplicitDependencyGeneratePcm x86_64 /Volumes/SN550-2T/freewind-demos/swiftui-macos-builtin-keyboard-shortcuts-demo/build/out/DerivedData/ModuleCache.noindex/_Builtin_limits-9PX3YUKY3SPPP0K9MB34EZIUN.pcm

SwiftExplicitDependencyGeneratePcm x86_64 /Volumes/SN550-2T/freewind-demos/swiftui-macos-builtin-keyboard-shortcuts-demo/build/out/DerivedData/ModuleCache.noindex/_DarwinFoundation2-5YD91MKTGBXC4YP16GSLTTLAU.pcm

SwiftExplicitDependencyGeneratePcm x86_64 /Volumes/SN550-2T/freewind-demos/swiftui-macos-builtin-keyboard-shortcuts-demo/build/out/DerivedData/ModuleCache.noindex/sys_types-EGFXE5RN4HIQ3SWTAWF6OLZ0I.pcm

SwiftExplicitDependencyGeneratePcm x86_64 /Volumes/SN550-2T/freewind-demos/swiftui-macos-builtin-keyboard-shortcuts-demo/build/out/DerivedData/ModuleCache.noindex/_Builtin_stdint-6LBAALDH7PI3WES53UAFDIOSR.pcm

SwiftExplicitDependencyGeneratePcm x86_64 /Volumes/SN550-2T/freewind-demos/swiftui-macos-builtin-keyboard-shortcuts-demo/build/out/DerivedData/ModuleCache.noindex/_Builtin_tgmath-7DBZTMQGHONM299CDX7TJAOPI.pcm

SwiftExplicitDependencyGeneratePcm x86_64 /Volumes/SN550-2T/freewind-demos/swiftui-macos-builtin-keyboard-shortcuts-demo/build/out/DerivedData/ModuleCache.noindex/OpenGL-CZNFVTOZM5F3TAAB56V4OZ6MB.pcm

SwiftExplicitDependencyGeneratePcm x86_64 /Volumes/SN550-2T/freewind-demos/swiftui-macos-builtin-keyboard-shortcuts-demo/build/out/DerivedData/ModuleCache.noindex/_DarwinFoundation3-CG9UITL3A72T1EUBGLUP2C4ZH.pcm

SwiftExplicitDependencyGeneratePcm x86_64 /Volumes/SN550-2T/freewind-demos/swiftui-macos-builtin-keyboard-shortcuts-demo/build/out/DerivedData/ModuleCache.noindex/_Builtin_stdatomic-2MJCEZSJU4NB1THZRS9HZEJ57.pcm

SwiftExplicitDependencyGeneratePcm x86_64 /Volumes/SN550-2T/freewind-demos/swiftui-macos-builtin-keyboard-shortcuts-demo/build/out/DerivedData/ModuleCache.noindex/libDER-9DXFX68XTART9S58LOOVQPJL2.pcm

SwiftExplicitDependencyGeneratePcm x86_64 /Volumes/SN550-2T/freewind-demos/swiftui-macos-builtin-keyboard-shortcuts-demo/build/out/DerivedData/ModuleCache.noindex/_Builtin_inttypes-BU57KWMDNN90O7BLC8EB5KCWJ.pcm

SwiftExplicitDependencyGeneratePcm x86_64 /Volumes/SN550-2T/freewind-demos/swiftui-macos-builtin-keyboard-shortcuts-demo/build/out/DerivedData/ModuleCache.noindex/_Builtin_intrinsics-DOXAZ8BCYXD9HEJG7GHYBBKIB.pcm

SwiftExplicitDependencyGeneratePcm x86_64 /Volumes/SN550-2T/freewind-demos/swiftui-macos-builtin-keyboard-shortcuts-demo/build/out/DerivedData/ModuleCache.noindex/Darwin-4J1F6PFNSWC2JTNDZOXW7SPTA.pcm

SwiftExplicitDependencyGeneratePcm x86_64 /Volumes/SN550-2T/freewind-demos/swiftui-macos-builtin-keyboard-shortcuts-demo/build/out/DerivedData/ModuleCache.noindex/simd-2QM9KW7882BIFJ80OFWIWXTFL.pcm

SwiftExplicitDependencyGeneratePcm x86_64 /Volumes/SN550-2T/freewind-demos/swiftui-macos-builtin-keyboard-shortcuts-demo/build/out/DerivedData/ModuleCache.noindex/launch-32Y3LDIZ34YFNUEZKK19P8D8C.pcm

SwiftExplicitDependencyGeneratePcm x86_64 /Volumes/SN550-2T/freewind-demos/swiftui-macos-builtin-keyboard-shortcuts-demo/build/out/DerivedData/ModuleCache.noindex/MachO-1L87STTT5DH043WTTAAONTOPJ.pcm

SwiftExplicitDependencyGeneratePcm x86_64 /Volumes/SN550-2T/freewind-demos/swiftui-macos-builtin-keyboard-shortcuts-demo/build/out/DerivedData/ModuleCache.noindex/CUPS-2G09UEFIJK60F5QZPRODN89BQ.pcm

SwiftExplicitDependencyGeneratePcm x86_64 /Volumes/SN550-2T/freewind-demos/swiftui-macos-builtin-keyboard-shortcuts-demo/build/out/DerivedData/ModuleCache.noindex/libkern-26PT5GGJQIMUVDEFQRSCFY1B0.pcm

SwiftExplicitDependencyGeneratePcm x86_64 /Volumes/SN550-2T/freewind-demos/swiftui-macos-builtin-keyboard-shortcuts-demo/build/out/DerivedData/ModuleCache.noindex/ObjectiveC-CXV8VDCGDBDNNXI1H6MO4NOAF.pcm

SwiftExplicitDependencyGeneratePcm x86_64 /Volumes/SN550-2T/freewind-demos/swiftui-macos-builtin-keyboard-shortcuts-demo/build/out/DerivedData/ModuleCache.noindex/os_object-AMKOTM1C6R2A0NTOAMKCVEP3J.pcm

SwiftExplicitDependencyGeneratePcm x86_64 /Volumes/SN550-2T/freewind-demos/swiftui-macos-builtin-keyboard-shortcuts-demo/build/out/DerivedData/ModuleCache.noindex/os_workgroup-99S8X14RCSAURQ2C4GPHKPQYI.pcm

SwiftExplicitDependencyGeneratePcm x86_64 /Volumes/SN550-2T/freewind-demos/swiftui-macos-builtin-keyboard-shortcuts-demo/build/out/DerivedData/ModuleCache.noindex/Dispatch-PYET4MJ13L47RISW9RPU2OBM.pcm

SwiftExplicitDependencyGeneratePcm x86_64 /Volumes/SN550-2T/freewind-demos/swiftui-macos-builtin-keyboard-shortcuts-demo/build/out/DerivedData/ModuleCache.noindex/XPC-ZF31R1PRD78LAAEAULC9HO1L.pcm

SwiftExplicitDependencyGeneratePcm x86_64 /Volumes/SN550-2T/freewind-demos/swiftui-macos-builtin-keyboard-shortcuts-demo/build/out/DerivedData/ModuleCache.noindex/CoreFoundation-42WZ93SEA1NFV6NPPNHC7HK5B.pcm

SwiftExplicitDependencyGeneratePcm x86_64 /Volumes/SN550-2T/freewind-demos/swiftui-macos-builtin-keyboard-shortcuts-demo/build/out/DerivedData/ModuleCache.noindex/os-9C4IXR8JPT1S558JO76EFNHL2.pcm

SwiftExplicitDependencyGeneratePcm x86_64 /Volumes/SN550-2T/freewind-demos/swiftui-macos-builtin-keyboard-shortcuts-demo/build/out/DerivedData/ModuleCache.noindex/ColorSync-3EYWROHZJ1UL203Q7RFUTDL8U.pcm

SwiftExplicitDependencyGeneratePcm x86_64 /Volumes/SN550-2T/freewind-demos/swiftui-macos-builtin-keyboard-shortcuts-demo/build/out/DerivedData/ModuleCache.noindex/IOKit-62XQIPMV3CPI159VMNV66DEJR.pcm

SwiftExplicitDependencyGeneratePcm x86_64 /Volumes/SN550-2T/freewind-demos/swiftui-macos-builtin-keyboard-shortcuts-demo/build/out/DerivedData/ModuleCache.noindex/Security-2RAH4YGO7Z0FRMYCJBNNU2V2T.pcm

SwiftExplicitDependencyGeneratePcm x86_64 /Volumes/SN550-2T/freewind-demos/swiftui-macos-builtin-keyboard-shortcuts-demo/build/out/DerivedData/ModuleCache.noindex/CFNetwork-EVQFOV2NUW8B6K4RVIVVQYN1R.pcm

SwiftExplicitDependencyGeneratePcm x86_64 /Volumes/SN550-2T/freewind-demos/swiftui-macos-builtin-keyboard-shortcuts-demo/build/out/DerivedData/ModuleCache.noindex/Spatial-4001L9OI95WVV1FUQAE2S1CTX.pcm

SwiftExplicitDependencyGeneratePcm x86_64 /Volumes/SN550-2T/freewind-demos/swiftui-macos-builtin-keyboard-shortcuts-demo/build/out/DerivedData/ModuleCache.noindex/CoreGraphics-CQE4MTPGLKCSDAUSC5X1NJ2MX.pcm

SwiftExplicitDependencyGeneratePcm x86_64 /Volumes/SN550-2T/freewind-demos/swiftui-macos-builtin-keyboard-shortcuts-demo/build/out/DerivedData/ModuleCache.noindex/DiskArbitration-86NFBS9P9UJ881VUD6S4JKYBU.pcm

SwiftExplicitDependencyGeneratePcm x86_64 /Volumes/SN550-2T/freewind-demos/swiftui-macos-builtin-keyboard-shortcuts-demo/build/out/DerivedData/ModuleCache.noindex/CoreServices-AKLDIDE2FWM03LQY5R2G6Z8WJ.pcm

SwiftExplicitDependencyGeneratePcm x86_64 /Volumes/SN550-2T/freewind-demos/swiftui-macos-builtin-keyboard-shortcuts-demo/build/out/DerivedData/ModuleCache.noindex/ImageIO-7BFDQWSG37LZYTWRFKUSSZTZ3.pcm

SwiftExplicitDependencyGeneratePcm x86_64 /Volumes/SN550-2T/freewind-demos/swiftui-macos-builtin-keyboard-shortcuts-demo/build/out/DerivedData/ModuleCache.noindex/CoreText-42NYJNFI1939BNT3KGTF8JV1X.pcm

SwiftExplicitDependencyGeneratePcm x86_64 /Volumes/SN550-2T/freewind-demos/swiftui-macos-builtin-keyboard-shortcuts-demo/build/out/DerivedData/ModuleCache.noindex/Foundation-975OXYXX61JM85TVZZJWXSKOS.pcm

SwiftExplicitDependencyGeneratePcm x86_64 /Volumes/SN550-2T/freewind-demos/swiftui-macos-builtin-keyboard-shortcuts-demo/build/out/DerivedData/ModuleCache.noindex/Symbols-E9P8IKWQIWLL3KNFQIGXC4XFJ.pcm

SwiftExplicitDependencyGeneratePcm x86_64 /Volumes/SN550-2T/freewind-demos/swiftui-macos-builtin-keyboard-shortcuts-demo/build/out/DerivedData/ModuleCache.noindex/CoreData-7G6ZNBOL934UYVZGWQH0U3F3A.pcm

SwiftExplicitDependencyGeneratePcm x86_64 /Volumes/SN550-2T/freewind-demos/swiftui-macos-builtin-keyboard-shortcuts-demo/build/out/DerivedData/ModuleCache.noindex/CoreTransferable-1QGHYA7YOCS4Q9D5TOT43QRUY.pcm

SwiftExplicitDependencyGeneratePcm x86_64 /Volumes/SN550-2T/freewind-demos/swiftui-macos-builtin-keyboard-shortcuts-demo/build/out/DerivedData/ModuleCache.noindex/IOSurface-1BVCF5GS70NT55DM8O4BCRWLO.pcm

SwiftExplicitDependencyGeneratePcm x86_64 /Volumes/SN550-2T/freewind-demos/swiftui-macos-builtin-keyboard-shortcuts-demo/build/out/DerivedData/ModuleCache.noindex/UniformTypeIdentifiers-D7V122WUR8UV8OPJ3Z1OOS5GQ.pcm

SwiftExplicitDependencyGeneratePcm x86_64 /Volumes/SN550-2T/freewind-demos/swiftui-macos-builtin-keyboard-shortcuts-demo/build/out/DerivedData/ModuleCache.noindex/Accessibility-9ZVRJ7GXWZVXCAT7H197HELC5.pcm

SwiftExplicitDependencyGeneratePcm x86_64 /Volumes/SN550-2T/freewind-demos/swiftui-macos-builtin-keyboard-shortcuts-demo/build/out/DerivedData/ModuleCache.noindex/OSLog-4V85SPOOXZ2DUDLF6G4EUGETD.pcm

SwiftExplicitDependencyGeneratePcm x86_64 /Volumes/SN550-2T/freewind-demos/swiftui-macos-builtin-keyboard-shortcuts-demo/build/out/DerivedData/ModuleCache.noindex/DataDetection-1TMG48BN85XWJBZSIUKPX2UHX.pcm

SwiftExplicitDependencyGeneratePcm x86_64 /Volumes/SN550-2T/freewind-demos/swiftui-macos-builtin-keyboard-shortcuts-demo/build/out/DerivedData/ModuleCache.noindex/ApplicationServices-A586GTLHYNEKL96RRU4Y99R2T.pcm

SwiftExplicitDependencyGeneratePcm x86_64 /Volumes/SN550-2T/freewind-demos/swiftui-macos-builtin-keyboard-shortcuts-demo/build/out/DerivedData/ModuleCache.noindex/Metal-EZ01P1KXU9R50310EUOB4MJ7T.pcm

SwiftExplicitDependencyGeneratePcm x86_64 /Volumes/SN550-2T/freewind-demos/swiftui-macos-builtin-keyboard-shortcuts-demo/build/out/DerivedData/ModuleCache.noindex/CoreVideo-2AUYTXIJ7O77EIXD1KSPXW4VV.pcm

SwiftExplicitDependencyGeneratePcm x86_64 /Volumes/SN550-2T/freewind-demos/swiftui-macos-builtin-keyboard-shortcuts-demo/build/out/DerivedData/ModuleCache.noindex/QuartzCore-A5BOZLNIBVBCWJGNZ4QST1XPY.pcm

SwiftExplicitDependencyGeneratePcm x86_64 /Volumes/SN550-2T/freewind-demos/swiftui-macos-builtin-keyboard-shortcuts-demo/build/out/DerivedData/ModuleCache.noindex/CoreImage-24KF0JHT8TJLOPTZDEHFINJHV.pcm

SwiftExplicitDependencyGeneratePcm x86_64 /Volumes/SN550-2T/freewind-demos/swiftui-macos-builtin-keyboard-shortcuts-demo/build/out/DerivedData/ModuleCache.noindex/SwiftUICore-6B4Y7CMPEC5DGZ7NVPXT1CU5D.pcm

SwiftExplicitDependencyGeneratePcm x86_64 /Volumes/SN550-2T/freewind-demos/swiftui-macos-builtin-keyboard-shortcuts-demo/build/out/DerivedData/ModuleCache.noindex/AppKit-1XM4QOA072GEQAMU10YZKVSS6.pcm

SwiftExplicitDependencyGeneratePcm x86_64 /Volumes/SN550-2T/freewind-demos/swiftui-macos-builtin-keyboard-shortcuts-demo/build/out/DerivedData/ModuleCache.noindex/SwiftUI-Q1KFEJLOGIN48XK6NMFNQHYI.pcm

SwiftEmitModule normal x86_64 Emitting\ module\ for\ SwiftUIBuiltinKeyboardShortcutsDemo (in target 'SwiftUIBuiltinKeyboardShortcutsDemo' from project 'SwiftUIBuiltinKeyboardShortcutsDemo')

EmitSwiftModule normal x86_64 (in target 'SwiftUIBuiltinKeyboardShortcutsDemo' from project 'SwiftUIBuiltinKeyboardShortcutsDemo')
    cd /Volumes/SN550-2T/freewind-demos/swiftui-macos-builtin-keyboard-shortcuts-demo
    

SwiftCompile normal x86_64 Compiling\ BuiltinShortcutsStore.swift /Volumes/SN550-2T/freewind-demos/swiftui-macos-builtin-keyboard-shortcuts-demo/Sources/BuiltinShortcutsStore.swift (in target 'SwiftUIBuiltinKeyboardShortcutsDemo' from project 'SwiftUIBuiltinKeyboardShortcutsDemo')
SwiftCompile normal x86_64 /Volumes/SN550-2T/freewind-demos/swiftui-macos-builtin-keyboard-shortcuts-demo/Sources/BuiltinShortcutsStore.swift (in target 'SwiftUIBuiltinKeyboardShortcutsDemo' from project 'SwiftUIBuiltinKeyboardShortcutsDemo')
    cd /Volumes/SN550-2T/freewind-demos/swiftui-macos-builtin-keyboard-shortcuts-demo
    

SwiftCompile normal x86_64 Compiling\ SwiftUIBuiltinKeyboardShortcutsDemoApp.swift /Volumes/SN550-2T/freewind-demos/swiftui-macos-builtin-keyboard-shortcuts-demo/Sources/SwiftUIBuiltinKeyboardShortcutsDemoApp.swift (in target 'SwiftUIBuiltinKeyboardShortcutsDemo' from project 'SwiftUIBuiltinKeyboardShortcutsDemo')
SwiftCompile normal x86_64 /Volumes/SN550-2T/freewind-demos/swiftui-macos-builtin-keyboard-shortcuts-demo/Sources/SwiftUIBuiltinKeyboardShortcutsDemoApp.swift (in target 'SwiftUIBuiltinKeyboardShortcutsDemo' from project 'SwiftUIBuiltinKeyboardShortcutsDemo')
    cd /Volumes/SN550-2T/freewind-demos/swiftui-macos-builtin-keyboard-shortcuts-demo
    

SwiftCompile normal x86_64 Compiling\ BuiltinShortcutAction.swift /Volumes/SN550-2T/freewind-demos/swiftui-macos-builtin-keyboard-shortcuts-demo/Sources/BuiltinShortcutAction.swift (in target 'SwiftUIBuiltinKeyboardShortcutsDemo' from project 'SwiftUIBuiltinKeyboardShortcutsDemo')

SwiftCompile normal x86_64 /Volumes/SN550-2T/freewind-demos/swiftui-macos-builtin-keyboard-shortcuts-demo/Sources/BuiltinShortcutAction.swift (in target 'SwiftUIBuiltinKeyboardShortcutsDemo' from project 'SwiftUIBuiltinKeyboardShortcutsDemo')
    cd /Volumes/SN550-2T/freewind-demos/swiftui-macos-builtin-keyboard-shortcuts-demo
    

SwiftCompile normal x86_64 Compiling\ ContentView.swift /Volumes/SN550-2T/freewind-demos/swiftui-macos-builtin-keyboard-shortcuts-demo/Sources/ContentView.swift (in target 'SwiftUIBuiltinKeyboardShortcutsDemo' from project 'SwiftUIBuiltinKeyboardShortcutsDemo')
SwiftCompile normal x86_64 /Volumes/SN550-2T/freewind-demos/swiftui-macos-builtin-keyboard-shortcuts-demo/Sources/ContentView.swift (in target 'SwiftUIBuiltinKeyboardShortcutsDemo' from project 'SwiftUIBuiltinKeyboardShortcutsDemo')
    cd /Volumes/SN550-2T/freewind-demos/swiftui-macos-builtin-keyboard-shortcuts-demo
    

SwiftDriverJobDiscovery normal x86_64 Emitting module for SwiftUIBuiltinKeyboardShortcutsDemo (in target 'SwiftUIBuiltinKeyboardShortcutsDemo' from project 'SwiftUIBuiltinKeyboardShortcutsDemo')

SwiftDriver\ Compilation\ Requirements SwiftUIBuiltinKeyboardShortcutsDemo normal x86_64 com.apple.xcode.tools.swift.compiler (in target 'SwiftUIBuiltinKeyboardShortcutsDemo' from project 'SwiftUIBuiltinKeyboardShortcutsDemo')
    cd /Volumes/SN550-2T/freewind-demos/swiftui-macos-builtin-keyboard-shortcuts-demo
    builtin-Swift-Compilation-Requirements -- /Applications/Xcode.app/Contents/Developer/Toolchains/XcodeDefault.xctoolchain/usr/bin/swiftc -module-name SwiftUIBuiltinKeyboardShortcutsDemo -Onone -enforce-exclusivity\=checked @/Volumes/SN550-2T/freewind-demos/swiftui-macos-builtin-keyboard-shortcuts-demo/build/out/DerivedData/Build/Intermediates.noindex/SwiftUIBuiltinKeyboardShortcutsDemo.build/Debug/SwiftUIBuiltinKeyboardShortcutsDemo.build/Objects-normal/x86_64/SwiftUIBuiltinKeyboardShortcutsDemo.SwiftFileList -DDEBUG -enable-bare-slash-regex -enable-experimental-feature DebugDescriptionMacro -sdk /Applications/Xcode.app/Contents/Developer/Platforms/MacOSX.platform/Developer/SDKs/MacOSX26.2.sdk -target x86_64-apple-macos14.0 -g -module-cache-path /Volumes/SN550-2T/freewind-demos/swiftui-macos-builtin-keyboard-shortcuts-demo/build/out/DerivedData/ModuleCache.noindex -Xfrontend -serialize-debugging-options -enable-testing -index-store-path /Volumes/SN550-2T/freewind-demos/swiftui-macos-builtin-keyboard-shortcuts-demo/build/out/DerivedData/Index.noindex/DataStore -Xcc -D_LIBCPP_HARDENING_MODE\=_LIBCPP_HARDENING_MODE_DEBUG -swift-version 5 -I /Volumes/SN550-2T/freewind-demos/swiftui-macos-builtin-keyboard-shortcuts-demo/build/out/Debug -F /Volumes/SN550-2T/freewind-demos/swiftui-macos-builtin-keyboard-shortcuts-demo/build/out/Debug -c -j12 -enable-batch-mode -incremental -Xcc -ivfsstatcache -Xcc /Volumes/SN550-2T/freewind-demos/swiftui-macos-builtin-keyboard-shortcuts-demo/build/out/DerivedData/SDKStatCaches.noindex/macosx26.2-25C58-00fa09913b459cbbc988d1f6730289ae.sdkstatcache -output-file-map /Volumes/SN550-2T/freewind-demos/swiftui-macos-builtin-keyboard-shortcuts-demo/build/out/DerivedData/Build/Intermediates.noindex/SwiftUIBuiltinKeyboardShortcutsDemo.build/Debug/SwiftUIBuiltinKeyboardShortcutsDemo.build/Objects-normal/x86_64/SwiftUIBuiltinKeyboardShortcutsDemo-OutputFileMap.json -use-frontend-parseable-output -save-temps -no-color-diagnostics -explicit-module-build -module-cache-path /Volumes/SN550-2T/freewind-demos/swiftui-macos-builtin-keyboard-shortcuts-demo/build/out/DerivedData/Build/Intermediates.noindex/SwiftExplicitPrecompiledModules -clang-scanner-module-cache-path /Volumes/SN550-2T/freewind-demos/swiftui-macos-builtin-keyboard-shortcuts-demo/build/out/DerivedData/ModuleCache.noindex -sdk-module-cache-path /Volumes/SN550-2T/freewind-demos/swiftui-macos-builtin-keyboard-shortcuts-demo/build/out/DerivedData/ModuleCache.noindex -serialize-diagnostics -emit-dependencies -emit-module -emit-module-path /Volumes/SN550-2T/freewind-demos/swiftui-macos-builtin-keyboard-shortcuts-demo/build/out/DerivedData/Build/Intermediates.noindex/SwiftUIBuiltinKeyboardShortcutsDemo.build/Debug/SwiftUIBuiltinKeyboardShortcutsDemo.build/Objects-normal/x86_64/SwiftUIBuiltinKeyboardShortcutsDemo.swiftmodule -validate-clang-modules-once -clang-build-session-file /Volumes/SN550-2T/freewind-demos/swiftui-macos-builtin-keyboard-shortcuts-demo/build/out/DerivedData/ModuleCache.noindex/Session.modulevalidation -Xcc -I/Volumes/SN550-2T/freewind-demos/swiftui-macos-builtin-keyboard-shortcuts-demo/build/out/DerivedData/Build/Intermediates.noindex/SwiftUIBuiltinKeyboardShortcutsDemo.build/Debug/SwiftUIBuiltinKeyboardShortcutsDemo.build/swift-overrides.hmap -emit-const-values -Xfrontend -const-gather-protocols-file -Xfrontend /Volumes/SN550-2T/freewind-demos/swiftui-macos-builtin-keyboard-shortcuts-demo/build/out/DerivedData/Build/Intermediates.noindex/SwiftUIBuiltinKeyboardShortcutsDemo.build/Debug/SwiftUIBuiltinKeyboardShortcutsDemo.build/Objects-normal/x86_64/SwiftUIBuiltinKeyboardShortcutsDemo_const_extract_protocols.json -Xcc -iquote -Xcc /Volumes/SN550-2T/freewind-demos/swiftui-macos-builtin-keyboard-shortcuts-demo/build/out/DerivedData/Build/Intermediates.noindex/SwiftUIBuiltinKeyboardShortcutsDemo.build/Debug/SwiftUIBuiltinKeyboardShortcutsDemo.build/SwiftUIBuiltinKeyboardShortcutsDemo-generated-files.hmap -Xcc -I/Volumes/SN550-2T/freewind-demos/swiftui-macos-builtin-keyboard-shortcuts-demo/build/out/DerivedData/Build/Intermediates.noindex/SwiftUIBuiltinKeyboardShortcutsDemo.build/Debug/SwiftUIBuiltinKeyboardShortcutsDemo.build/SwiftUIBuiltinKeyboardShortcutsDemo-own-target-headers.hmap -Xcc -I/Volumes/SN550-2T/freewind-demos/swiftui-macos-builtin-keyboard-shortcuts-demo/build/out/DerivedData/Build/Intermediates.noindex/SwiftUIBuiltinKeyboardShortcutsDemo.build/Debug/SwiftUIBuiltinKeyboardShortcutsDemo.build/SwiftUIBuiltinKeyboardShortcutsDemo-all-target-headers.hmap -Xcc -iquote -Xcc /Volumes/SN550-2T/freewind-demos/swiftui-macos-builtin-keyboard-shortcuts-demo/build/out/DerivedData/Build/Intermediates.noindex/SwiftUIBuiltinKeyboardShortcutsDemo.build/Debug/SwiftUIBuiltinKeyboardShortcutsDemo.build/SwiftUIBuiltinKeyboardShortcutsDemo-project-headers.hmap -Xcc -I/Volumes/SN550-2T/freewind-demos/swiftui-macos-builtin-keyboard-shortcuts-demo/build/out/Debug/include -Xcc -I/Volumes/SN550-2T/freewind-demos/swiftui-macos-builtin-keyboard-shortcuts-demo/build/out/DerivedData/Build/Intermediates.noindex/SwiftUIBuiltinKeyboardShortcutsDemo.build/Debug/SwiftUIBuiltinKeyboardShortcutsDemo.build/DerivedSources-normal/x86_64 -Xcc -I/Volumes/SN550-2T/freewind-demos/swiftui-macos-builtin-keyboard-shortcuts-demo/build/out/DerivedData/Build/Intermediates.noindex/SwiftUIBuiltinKeyboardShortcutsDemo.build/Debug/SwiftUIBuiltinKeyboardShortcutsDemo.build/DerivedSources/x86_64 -Xcc -I/Volumes/SN550-2T/freewind-demos/swiftui-macos-builtin-keyboard-shortcuts-demo/build/out/DerivedData/Build/Intermediates.noindex/SwiftUIBuiltinKeyboardShortcutsDemo.build/Debug/SwiftUIBuiltinKeyboardShortcutsDemo.build/DerivedSources -Xcc -DDEBUG\=1 -emit-objc-header -emit-objc-header-path /Volumes/SN550-2T/freewind-demos/swiftui-macos-builtin-keyboard-shortcuts-demo/build/out/DerivedData/Build/Intermediates.noindex/SwiftUIBuiltinKeyboardShortcutsDemo.build/Debug/SwiftUIBuiltinKeyboardShortcutsDemo.build/Objects-normal/x86_64/SwiftUIBuiltinKeyboardShortcutsDemo-Swift.h -working-directory /Volumes/SN550-2T/freewind-demos/swiftui-macos-builtin-keyboard-shortcuts-demo -experimental-emit-module-separately -disable-cmo

SwiftMergeGeneratedHeaders /Volumes/SN550-2T/freewind-demos/swiftui-macos-builtin-keyboard-shortcuts-demo/build/out/DerivedData/Build/Intermediates.noindex/SwiftUIBuiltinKeyboardShortcutsDemo.build/Debug/SwiftUIBuiltinKeyboardShortcutsDemo.build/DerivedSources/SwiftUIBuiltinKeyboardShortcutsDemo-Swift.h /Volumes/SN550-2T/freewind-demos/swiftui-macos-builtin-keyboard-shortcuts-demo/build/out/DerivedData/Build/Intermediates.noindex/SwiftUIBuiltinKeyboardShortcutsDemo.build/Debug/SwiftUIBuiltinKeyboardShortcutsDemo.build/Objects-normal/x86_64/SwiftUIBuiltinKeyboardShortcutsDemo-Swift.h (in target 'SwiftUIBuiltinKeyboardShortcutsDemo' from project 'SwiftUIBuiltinKeyboardShortcutsDemo')
    cd /Volumes/SN550-2T/freewind-demos/swiftui-macos-builtin-keyboard-shortcuts-demo
    builtin-swiftHeaderTool -arch x86_64 /Volumes/SN550-2T/freewind-demos/swiftui-macos-builtin-keyboard-shortcuts-demo/build/out/DerivedData/Build/Intermediates.noindex/SwiftUIBuiltinKeyboardShortcutsDemo.build/Debug/SwiftUIBuiltinKeyboardShortcutsDemo.build/Objects-normal/x86_64/SwiftUIBuiltinKeyboardShortcutsDemo-Swift.h -o /Volumes/SN550-2T/freewind-demos/swiftui-macos-builtin-keyboard-shortcuts-demo/build/out/DerivedData/Build/Intermediates.noindex/SwiftUIBuiltinKeyboardShortcutsDemo.build/Debug/SwiftUIBuiltinKeyboardShortcutsDemo.build/DerivedSources/SwiftUIBuiltinKeyboardShortcutsDemo-Swift.h

Copy /Volumes/SN550-2T/freewind-demos/swiftui-macos-builtin-keyboard-shortcuts-demo/build/out/Debug/SwiftUIBuiltinKeyboardShortcutsDemo.swiftmodule/x86_64-apple-macos.swiftmodule /Volumes/SN550-2T/freewind-demos/swiftui-macos-builtin-keyboard-shortcuts-demo/build/out/DerivedData/Build/Intermediates.noindex/SwiftUIBuiltinKeyboardShortcutsDemo.build/Debug/SwiftUIBuiltinKeyboardShortcutsDemo.build/Objects-normal/x86_64/SwiftUIBuiltinKeyboardShortcutsDemo.swiftmodule (in target 'SwiftUIBuiltinKeyboardShortcutsDemo' from project 'SwiftUIBuiltinKeyboardShortcutsDemo')
    cd /Volumes/SN550-2T/freewind-demos/swiftui-macos-builtin-keyboard-shortcuts-demo
    builtin-copy -exclude .DS_Store -exclude CVS -exclude .svn -exclude .git -exclude .hg -resolve-src-symlinks -rename /Volumes/SN550-2T/freewind-demos/swiftui-macos-builtin-keyboard-shortcuts-demo/build/out/DerivedData/Build/Intermediates.noindex/SwiftUIBuiltinKeyboardShortcutsDemo.build/Debug/SwiftUIBuiltinKeyboardShortcutsDemo.build/Objects-normal/x86_64/SwiftUIBuiltinKeyboardShortcutsDemo.swiftmodule /Volumes/SN550-2T/freewind-demos/swiftui-macos-builtin-keyboard-shortcuts-demo/build/out/Debug/SwiftUIBuiltinKeyboardShortcutsDemo.swiftmodule/x86_64-apple-macos.swiftmodule

Copy /Volumes/SN550-2T/freewind-demos/swiftui-macos-builtin-keyboard-shortcuts-demo/build/out/Debug/SwiftUIBuiltinKeyboardShortcutsDemo.swiftmodule/x86_64-apple-macos.abi.json /Volumes/SN550-2T/freewind-demos/swiftui-macos-builtin-keyboard-shortcuts-demo/build/out/DerivedData/Build/Intermediates.noindex/SwiftUIBuiltinKeyboardShortcutsDemo.build/Debug/SwiftUIBuiltinKeyboardShortcutsDemo.build/Objects-normal/x86_64/SwiftUIBuiltinKeyboardShortcutsDemo.abi.json (in target 'SwiftUIBuiltinKeyboardShortcutsDemo' from project 'SwiftUIBuiltinKeyboardShortcutsDemo')
    cd /Volumes/SN550-2T/freewind-demos/swiftui-macos-builtin-keyboard-shortcuts-demo
    builtin-copy -exclude .DS_Store -exclude CVS -exclude .svn -exclude .git -exclude .hg -resolve-src-symlinks -rename /Volumes/SN550-2T/freewind-demos/swiftui-macos-builtin-keyboard-shortcuts-demo/build/out/DerivedData/Build/Intermediates.noindex/SwiftUIBuiltinKeyboardShortcutsDemo.build/Debug/SwiftUIBuiltinKeyboardShortcutsDemo.build/Objects-normal/x86_64/SwiftUIBuiltinKeyboardShortcutsDemo.abi.json /Volumes/SN550-2T/freewind-demos/swiftui-macos-builtin-keyboard-shortcuts-demo/build/out/Debug/SwiftUIBuiltinKeyboardShortcutsDemo.swiftmodule/x86_64-apple-macos.abi.json

Copy /Volumes/SN550-2T/freewind-demos/swiftui-macos-builtin-keyboard-shortcuts-demo/build/out/Debug/SwiftUIBuiltinKeyboardShortcutsDemo.swiftmodule/x86_64-apple-macos.swiftdoc /Volumes/SN550-2T/freewind-demos/swiftui-macos-builtin-keyboard-shortcuts-demo/build/out/DerivedData/Build/Intermediates.noindex/SwiftUIBuiltinKeyboardShortcutsDemo.build/Debug/SwiftUIBuiltinKeyboardShortcutsDemo.build/Objects-normal/x86_64/SwiftUIBuiltinKeyboardShortcutsDemo.swiftdoc (in target 'SwiftUIBuiltinKeyboardShortcutsDemo' from project 'SwiftUIBuiltinKeyboardShortcutsDemo')
    cd /Volumes/SN550-2T/freewind-demos/swiftui-macos-builtin-keyboard-shortcuts-demo
    builtin-copy -exclude .DS_Store -exclude CVS -exclude .svn -exclude .git -exclude .hg -resolve-src-symlinks -rename /Volumes/SN550-2T/freewind-demos/swiftui-macos-builtin-keyboard-shortcuts-demo/build/out/DerivedData/Build/Intermediates.noindex/SwiftUIBuiltinKeyboardShortcutsDemo.build/Debug/SwiftUIBuiltinKeyboardShortcutsDemo.build/Objects-normal/x86_64/SwiftUIBuiltinKeyboardShortcutsDemo.swiftdoc /Volumes/SN550-2T/freewind-demos/swiftui-macos-builtin-keyboard-shortcuts-demo/build/out/Debug/SwiftUIBuiltinKeyboardShortcutsDemo.swiftmodule/x86_64-apple-macos.swiftdoc

Copy /Volumes/SN550-2T/freewind-demos/swiftui-macos-builtin-keyboard-shortcuts-demo/build/out/Debug/SwiftUIBuiltinKeyboardShortcutsDemo.swiftmodule/Project/x86_64-apple-macos.swiftsourceinfo /Volumes/SN550-2T/freewind-demos/swiftui-macos-builtin-keyboard-shortcuts-demo/build/out/DerivedData/Build/Intermediates.noindex/SwiftUIBuiltinKeyboardShortcutsDemo.build/Debug/SwiftUIBuiltinKeyboardShortcutsDemo.build/Objects-normal/x86_64/SwiftUIBuiltinKeyboardShortcutsDemo.swiftsourceinfo (in target 'SwiftUIBuiltinKeyboardShortcutsDemo' from project 'SwiftUIBuiltinKeyboardShortcutsDemo')
    cd /Volumes/SN550-2T/freewind-demos/swiftui-macos-builtin-keyboard-shortcuts-demo
    builtin-copy -exclude .DS_Store -exclude CVS -exclude .svn -exclude .git -exclude .hg -resolve-src-symlinks -rename /Volumes/SN550-2T/freewind-demos/swiftui-macos-builtin-keyboard-shortcuts-demo/build/out/DerivedData/Build/Intermediates.noindex/SwiftUIBuiltinKeyboardShortcutsDemo.build/Debug/SwiftUIBuiltinKeyboardShortcutsDemo.build/Objects-normal/x86_64/SwiftUIBuiltinKeyboardShortcutsDemo.swiftsourceinfo /Volumes/SN550-2T/freewind-demos/swiftui-macos-builtin-keyboard-shortcuts-demo/build/out/Debug/SwiftUIBuiltinKeyboardShortcutsDemo.swiftmodule/Project/x86_64-apple-macos.swiftsourceinfo

SwiftDriverJobDiscovery normal x86_64 Compiling BuiltinShortcutsStore.swift (in target 'SwiftUIBuiltinKeyboardShortcutsDemo' from project 'SwiftUIBuiltinKeyboardShortcutsDemo')

SwiftDriverJobDiscovery normal x86_64 Compiling BuiltinShortcutAction.swift (in target 'SwiftUIBuiltinKeyboardShortcutsDemo' from project 'SwiftUIBuiltinKeyboardShortcutsDemo')

SwiftDriverJobDiscovery normal x86_64 Compiling SwiftUIBuiltinKeyboardShortcutsDemoApp.swift (in target 'SwiftUIBuiltinKeyboardShortcutsDemo' from project 'SwiftUIBuiltinKeyboardShortcutsDemo')

SwiftDriverJobDiscovery normal x86_64 Compiling ContentView.swift (in target 'SwiftUIBuiltinKeyboardShortcutsDemo' from project 'SwiftUIBuiltinKeyboardShortcutsDemo')

SwiftDriver\ Compilation SwiftUIBuiltinKeyboardShortcutsDemo normal x86_64 com.apple.xcode.tools.swift.compiler (in target 'SwiftUIBuiltinKeyboardShortcutsDemo' from project 'SwiftUIBuiltinKeyboardShortcutsDemo')
    cd /Volumes/SN550-2T/freewind-demos/swiftui-macos-builtin-keyboard-shortcuts-demo
    builtin-Swift-Compilation -- /Applications/Xcode.app/Contents/Developer/Toolchains/XcodeDefault.xctoolchain/usr/bin/swiftc -module-name SwiftUIBuiltinKeyboardShortcutsDemo -Onone -enforce-exclusivity\=checked @/Volumes/SN550-2T/freewind-demos/swiftui-macos-builtin-keyboard-shortcuts-demo/build/out/DerivedData/Build/Intermediates.noindex/SwiftUIBuiltinKeyboardShortcutsDemo.build/Debug/SwiftUIBuiltinKeyboardShortcutsDemo.build/Objects-normal/x86_64/SwiftUIBuiltinKeyboardShortcutsDemo.SwiftFileList -DDEBUG -enable-bare-slash-regex -enable-experimental-feature DebugDescriptionMacro -sdk /Applications/Xcode.app/Contents/Developer/Platforms/MacOSX.platform/Developer/SDKs/MacOSX26.2.sdk -target x86_64-apple-macos14.0 -g -module-cache-path /Volumes/SN550-2T/freewind-demos/swiftui-macos-builtin-keyboard-shortcuts-demo/build/out/DerivedData/ModuleCache.noindex -Xfrontend -serialize-debugging-options -enable-testing -index-store-path /Volumes/SN550-2T/freewind-demos/swiftui-macos-builtin-keyboard-shortcuts-demo/build/out/DerivedData/Index.noindex/DataStore -Xcc -D_LIBCPP_HARDENING_MODE\=_LIBCPP_HARDENING_MODE_DEBUG -swift-version 5 -I /Volumes/SN550-2T/freewind-demos/swiftui-macos-builtin-keyboard-shortcuts-demo/build/out/Debug -F /Volumes/SN550-2T/freewind-demos/swiftui-macos-builtin-keyboard-shortcuts-demo/build/out/Debug -c -j12 -enable-batch-mode -incremental -Xcc -ivfsstatcache -Xcc /Volumes/SN550-2T/freewind-demos/swiftui-macos-builtin-keyboard-shortcuts-demo/build/out/DerivedData/SDKStatCaches.noindex/macosx26.2-25C58-00fa09913b459cbbc988d1f6730289ae.sdkstatcache -output-file-map /Volumes/SN550-2T/freewind-demos/swiftui-macos-builtin-keyboard-shortcuts-demo/build/out/DerivedData/Build/Intermediates.noindex/SwiftUIBuiltinKeyboardShortcutsDemo.build/Debug/SwiftUIBuiltinKeyboardShortcutsDemo.build/Objects-normal/x86_64/SwiftUIBuiltinKeyboardShortcutsDemo-OutputFileMap.json -use-frontend-parseable-output -save-temps -no-color-diagnostics -explicit-module-build -module-cache-path /Volumes/SN550-2T/freewind-demos/swiftui-macos-builtin-keyboard-shortcuts-demo/build/out/DerivedData/Build/Intermediates.noindex/SwiftExplicitPrecompiledModules -clang-scanner-module-cache-path /Volumes/SN550-2T/freewind-demos/swiftui-macos-builtin-keyboard-shortcuts-demo/build/out/DerivedData/ModuleCache.noindex -sdk-module-cache-path /Volumes/SN550-2T/freewind-demos/swiftui-macos-builtin-keyboard-shortcuts-demo/build/out/DerivedData/ModuleCache.noindex -serialize-diagnostics -emit-dependencies -emit-module -emit-module-path /Volumes/SN550-2T/freewind-demos/swiftui-macos-builtin-keyboard-shortcuts-demo/build/out/DerivedData/Build/Intermediates.noindex/SwiftUIBuiltinKeyboardShortcutsDemo.build/Debug/SwiftUIBuiltinKeyboardShortcutsDemo.build/Objects-normal/x86_64/SwiftUIBuiltinKeyboardShortcutsDemo.swiftmodule -validate-clang-modules-once -clang-build-session-file /Volumes/SN550-2T/freewind-demos/swiftui-macos-builtin-keyboard-shortcuts-demo/build/out/DerivedData/ModuleCache.noindex/Session.modulevalidation -Xcc -I/Volumes/SN550-2T/freewind-demos/swiftui-macos-builtin-keyboard-shortcuts-demo/build/out/DerivedData/Build/Intermediates.noindex/SwiftUIBuiltinKeyboardShortcutsDemo.build/Debug/SwiftUIBuiltinKeyboardShortcutsDemo.build/swift-overrides.hmap -emit-const-values -Xfrontend -const-gather-protocols-file -Xfrontend /Volumes/SN550-2T/freewind-demos/swiftui-macos-builtin-keyboard-shortcuts-demo/build/out/DerivedData/Build/Intermediates.noindex/SwiftUIBuiltinKeyboardShortcutsDemo.build/Debug/SwiftUIBuiltinKeyboardShortcutsDemo.build/Objects-normal/x86_64/SwiftUIBuiltinKeyboardShortcutsDemo_const_extract_protocols.json -Xcc -iquote -Xcc /Volumes/SN550-2T/freewind-demos/swiftui-macos-builtin-keyboard-shortcuts-demo/build/out/DerivedData/Build/Intermediates.noindex/SwiftUIBuiltinKeyboardShortcutsDemo.build/Debug/SwiftUIBuiltinKeyboardShortcutsDemo.build/SwiftUIBuiltinKeyboardShortcutsDemo-generated-files.hmap -Xcc -I/Volumes/SN550-2T/freewind-demos/swiftui-macos-builtin-keyboard-shortcuts-demo/build/out/DerivedData/Build/Intermediates.noindex/SwiftUIBuiltinKeyboardShortcutsDemo.build/Debug/SwiftUIBuiltinKeyboardShortcutsDemo.build/SwiftUIBuiltinKeyboardShortcutsDemo-own-target-headers.hmap -Xcc -I/Volumes/SN550-2T/freewind-demos/swiftui-macos-builtin-keyboard-shortcuts-demo/build/out/DerivedData/Build/Intermediates.noindex/SwiftUIBuiltinKeyboardShortcutsDemo.build/Debug/SwiftUIBuiltinKeyboardShortcutsDemo.build/SwiftUIBuiltinKeyboardShortcutsDemo-all-target-headers.hmap -Xcc -iquote -Xcc /Volumes/SN550-2T/freewind-demos/swiftui-macos-builtin-keyboard-shortcuts-demo/build/out/DerivedData/Build/Intermediates.noindex/SwiftUIBuiltinKeyboardShortcutsDemo.build/Debug/SwiftUIBuiltinKeyboardShortcutsDemo.build/SwiftUIBuiltinKeyboardShortcutsDemo-project-headers.hmap -Xcc -I/Volumes/SN550-2T/freewind-demos/swiftui-macos-builtin-keyboard-shortcuts-demo/build/out/Debug/include -Xcc -I/Volumes/SN550-2T/freewind-demos/swiftui-macos-builtin-keyboard-shortcuts-demo/build/out/DerivedData/Build/Intermediates.noindex/SwiftUIBuiltinKeyboardShortcutsDemo.build/Debug/SwiftUIBuiltinKeyboardShortcutsDemo.build/DerivedSources-normal/x86_64 -Xcc -I/Volumes/SN550-2T/freewind-demos/swiftui-macos-builtin-keyboard-shortcuts-demo/build/out/DerivedData/Build/Intermediates.noindex/SwiftUIBuiltinKeyboardShortcutsDemo.build/Debug/SwiftUIBuiltinKeyboardShortcutsDemo.build/DerivedSources/x86_64 -Xcc -I/Volumes/SN550-2T/freewind-demos/swiftui-macos-builtin-keyboard-shortcuts-demo/build/out/DerivedData/Build/Intermediates.noindex/SwiftUIBuiltinKeyboardShortcutsDemo.build/Debug/SwiftUIBuiltinKeyboardShortcutsDemo.build/DerivedSources -Xcc -DDEBUG\=1 -emit-objc-header -emit-objc-header-path /Volumes/SN550-2T/freewind-demos/swiftui-macos-builtin-keyboard-shortcuts-demo/build/out/DerivedData/Build/Intermediates.noindex/SwiftUIBuiltinKeyboardShortcutsDemo.build/Debug/SwiftUIBuiltinKeyboardShortcutsDemo.build/Objects-normal/x86_64/SwiftUIBuiltinKeyboardShortcutsDemo-Swift.h -working-directory /Volumes/SN550-2T/freewind-demos/swiftui-macos-builtin-keyboard-shortcuts-demo -experimental-emit-module-separately -disable-cmo

Ld /Volumes/SN550-2T/freewind-demos/swiftui-macos-builtin-keyboard-shortcuts-demo/build/out/Debug/SwiftUIBuiltinKeyboardShortcutsDemo.app/Contents/MacOS/SwiftUIBuiltinKeyboardShortcutsDemo.debug.dylib normal (in target 'SwiftUIBuiltinKeyboardShortcutsDemo' from project 'SwiftUIBuiltinKeyboardShortcutsDemo')
    cd /Volumes/SN550-2T/freewind-demos/swiftui-macos-builtin-keyboard-shortcuts-demo
    /Applications/Xcode.app/Contents/Developer/Toolchains/XcodeDefault.xctoolchain/usr/bin/clang -Xlinker -reproducible -target x86_64-apple-macos14.0 -dynamiclib -isysroot /Applications/Xcode.app/Contents/Developer/Platforms/MacOSX.platform/Developer/SDKs/MacOSX26.2.sdk -O0 -L/Volumes/SN550-2T/freewind-demos/swiftui-macos-builtin-keyboard-shortcuts-demo/build/out/DerivedData/Build/Intermediates.noindex/EagerLinkingTBDs/Debug -L/Volumes/SN550-2T/freewind-demos/swiftui-macos-builtin-keyboard-shortcuts-demo/build/out/Debug -F/Volumes/SN550-2T/freewind-demos/swiftui-macos-builtin-keyboard-shortcuts-demo/build/out/DerivedData/Build/Intermediates.noindex/EagerLinkingTBDs/Debug -F/Volumes/SN550-2T/freewind-demos/swiftui-macos-builtin-keyboard-shortcuts-demo/build/out/Debug -filelist /Volumes/SN550-2T/freewind-demos/swiftui-macos-builtin-keyboard-shortcuts-demo/build/out/DerivedData/Build/Intermediates.noindex/SwiftUIBuiltinKeyboardShortcutsDemo.build/Debug/SwiftUIBuiltinKeyboardShortcutsDemo.build/Objects-normal/x86_64/SwiftUIBuiltinKeyboardShortcutsDemo.LinkFileList -install_name @rpath/SwiftUIBuiltinKeyboardShortcutsDemo.debug.dylib -Xlinker -rpath -Xlinker /usr/lib/swift -Xlinker -rpath -Xlinker @executable_path/../Frameworks -Xlinker -object_path_lto -Xlinker /Volumes/SN550-2T/freewind-demos/swiftui-macos-builtin-keyboard-shortcuts-demo/build/out/DerivedData/Build/Intermediates.noindex/SwiftUIBuiltinKeyboardShortcutsDemo.build/Debug/SwiftUIBuiltinKeyboardShortcutsDemo.build/Objects-normal/x86_64/SwiftUIBuiltinKeyboardShortcutsDemo_lto.o -rdynamic -Xlinker -no_deduplicate -Xlinker -dependency_info -Xlinker /Volumes/SN550-2T/freewind-demos/swiftui-macos-builtin-keyboard-shortcuts-demo/build/out/DerivedData/Build/Intermediates.noindex/SwiftUIBuiltinKeyboardShortcutsDemo.build/Debug/SwiftUIBuiltinKeyboardShortcutsDemo.build/Objects-normal/x86_64/SwiftUIBuiltinKeyboardShortcutsDemo_dependency_info.dat -fobjc-link-runtime -L/Applications/Xcode.app/Contents/Developer/Toolchains/XcodeDefault.xctoolchain/usr/lib/swift/macosx -L/usr/lib/swift -Xlinker -add_ast_path -Xlinker /Volumes/SN550-2T/freewind-demos/swiftui-macos-builtin-keyboard-shortcuts-demo/build/out/DerivedData/Build/Intermediates.noindex/SwiftUIBuiltinKeyboardShortcutsDemo.build/Debug/SwiftUIBuiltinKeyboardShortcutsDemo.build/Objects-normal/x86_64/SwiftUIBuiltinKeyboardShortcutsDemo.swiftmodule @/Volumes/SN550-2T/freewind-demos/swiftui-macos-builtin-keyboard-shortcuts-demo/build/out/DerivedData/Build/Intermediates.noindex/SwiftUIBuiltinKeyboardShortcutsDemo.build/Debug/SwiftUIBuiltinKeyboardShortcutsDemo.build/Objects-normal/x86_64/SwiftUIBuiltinKeyboardShortcutsDemo-linker-args.resp -Xlinker -alias -Xlinker _main -Xlinker ___debug_main_executable_dylib_entry_point -Xlinker -no_adhoc_codesign -o /Volumes/SN550-2T/freewind-demos/swiftui-macos-builtin-keyboard-shortcuts-demo/build/out/Debug/SwiftUIBuiltinKeyboardShortcutsDemo.app/Contents/MacOS/SwiftUIBuiltinKeyboardShortcutsDemo.debug.dylib

ConstructStubExecutorLinkFileList /Volumes/SN550-2T/freewind-demos/swiftui-macos-builtin-keyboard-shortcuts-demo/build/out/DerivedData/Build/Intermediates.noindex/SwiftUIBuiltinKeyboardShortcutsDemo.build/Debug/SwiftUIBuiltinKeyboardShortcutsDemo.build/SwiftUIBuiltinKeyboardShortcutsDemo-ExecutorLinkFileList-normal-x86_64.txt (in target 'SwiftUIBuiltinKeyboardShortcutsDemo' from project 'SwiftUIBuiltinKeyboardShortcutsDemo')
    cd /Volumes/SN550-2T/freewind-demos/swiftui-macos-builtin-keyboard-shortcuts-demo
    construct-stub-executor-link-file-list /Volumes/SN550-2T/freewind-demos/swiftui-macos-builtin-keyboard-shortcuts-demo/build/out/Debug/SwiftUIBuiltinKeyboardShortcutsDemo.app/Contents/MacOS/SwiftUIBuiltinKeyboardShortcutsDemo.debug.dylib /Applications/Xcode.app/Contents/Developer/Platforms/MacOSX.platform/Developer/usr/lib/libPreviewsJITStubExecutor_no_swift_entry_point.a /Applications/Xcode.app/Contents/Developer/Platforms/MacOSX.platform/Developer/usr/lib/libPreviewsJITStubExecutor.a --output /Volumes/SN550-2T/freewind-demos/swiftui-macos-builtin-keyboard-shortcuts-demo/build/out/DerivedData/Build/Intermediates.noindex/SwiftUIBuiltinKeyboardShortcutsDemo.build/Debug/SwiftUIBuiltinKeyboardShortcutsDemo.build/SwiftUIBuiltinKeyboardShortcutsDemo-ExecutorLinkFileList-normal-x86_64.txt
note: Using stub executor library with Swift entry point. (in target 'SwiftUIBuiltinKeyboardShortcutsDemo' from project 'SwiftUIBuiltinKeyboardShortcutsDemo')

Ld /Volumes/SN550-2T/freewind-demos/swiftui-macos-builtin-keyboard-shortcuts-demo/build/out/Debug/SwiftUIBuiltinKeyboardShortcutsDemo.app/Contents/MacOS/SwiftUIBuiltinKeyboardShortcutsDemo normal (in target 'SwiftUIBuiltinKeyboardShortcutsDemo' from project 'SwiftUIBuiltinKeyboardShortcutsDemo')
    cd /Volumes/SN550-2T/freewind-demos/swiftui-macos-builtin-keyboard-shortcuts-demo
    /Applications/Xcode.app/Contents/Developer/Toolchains/XcodeDefault.xctoolchain/usr/bin/clang -Xlinker -reproducible -target x86_64-apple-macos14.0 -isysroot /Applications/Xcode.app/Contents/Developer/Platforms/MacOSX.platform/Developer/SDKs/MacOSX26.2.sdk -O0 -L/Volumes/SN550-2T/freewind-demos/swiftui-macos-builtin-keyboard-shortcuts-demo/build/out/Debug -F/Volumes/SN550-2T/freewind-demos/swiftui-macos-builtin-keyboard-shortcuts-demo/build/out/Debug -Xlinker -rpath -Xlinker @executable_path -Xlinker -rpath -Xlinker @executable_path/../Frameworks -rdynamic -Xlinker -no_deduplicate -e ___debug_blank_executor_main -Xlinker -sectcreate -Xlinker __TEXT -Xlinker __debug_dylib -Xlinker /Volumes/SN550-2T/freewind-demos/swiftui-macos-builtin-keyboard-shortcuts-demo/build/out/DerivedData/Build/Intermediates.noindex/SwiftUIBuiltinKeyboardShortcutsDemo.build/Debug/SwiftUIBuiltinKeyboardShortcutsDemo.build/SwiftUIBuiltinKeyboardShortcutsDemo-DebugDylibPath-normal-x86_64.txt -Xlinker -sectcreate -Xlinker __TEXT -Xlinker __debug_instlnm -Xlinker /Volumes/SN550-2T/freewind-demos/swiftui-macos-builtin-keyboard-shortcuts-demo/build/out/DerivedData/Build/Intermediates.noindex/SwiftUIBuiltinKeyboardShortcutsDemo.build/Debug/SwiftUIBuiltinKeyboardShortcutsDemo.build/SwiftUIBuiltinKeyboardShortcutsDemo-DebugDylibInstallName-normal-x86_64.txt -Xlinker -filelist -Xlinker /Volumes/SN550-2T/freewind-demos/swiftui-macos-builtin-keyboard-shortcuts-demo/build/out/DerivedData/Build/Intermediates.noindex/SwiftUIBuiltinKeyboardShortcutsDemo.build/Debug/SwiftUIBuiltinKeyboardShortcutsDemo.build/SwiftUIBuiltinKeyboardShortcutsDemo-ExecutorLinkFileList-normal-x86_64.txt /Volumes/SN550-2T/freewind-demos/swiftui-macos-builtin-keyboard-shortcuts-demo/build/out/Debug/SwiftUIBuiltinKeyboardShortcutsDemo.app/Contents/MacOS/SwiftUIBuiltinKeyboardShortcutsDemo.debug.dylib -Xlinker -no_adhoc_codesign -o /Volumes/SN550-2T/freewind-demos/swiftui-macos-builtin-keyboard-shortcuts-demo/build/out/Debug/SwiftUIBuiltinKeyboardShortcutsDemo.app/Contents/MacOS/SwiftUIBuiltinKeyboardShortcutsDemo

ExtractAppIntentsMetadata (in target 'SwiftUIBuiltinKeyboardShortcutsDemo' from project 'SwiftUIBuiltinKeyboardShortcutsDemo')
    cd /Volumes/SN550-2T/freewind-demos/swiftui-macos-builtin-keyboard-shortcuts-demo
    /Applications/Xcode.app/Contents/Developer/Toolchains/XcodeDefault.xctoolchain/usr/bin/appintentsmetadataprocessor --toolchain-dir /Applications/Xcode.app/Contents/Developer/Toolchains/XcodeDefault.xctoolchain --module-name SwiftUIBuiltinKeyboardShortcutsDemo --sdk-root /Applications/Xcode.app/Contents/Developer/Platforms/MacOSX.platform/Developer/SDKs/MacOSX26.2.sdk --xcode-version 17C529 --platform-family macOS --deployment-target 14.0 --bundle-identifier com.freewind.SwiftUIBuiltinKeyboardShortcutsDemo --output /Volumes/SN550-2T/freewind-demos/swiftui-macos-builtin-keyboard-shortcuts-demo/build/out/Debug/SwiftUIBuiltinKeyboardShortcutsDemo.app/Contents/Resources --target-triple x86_64-apple-macos14.0 --binary-file /Volumes/SN550-2T/freewind-demos/swiftui-macos-builtin-keyboard-shortcuts-demo/build/out/Debug/SwiftUIBuiltinKeyboardShortcutsDemo.app/Contents/MacOS/SwiftUIBuiltinKeyboardShortcutsDemo --dependency-file /Volumes/SN550-2T/freewind-demos/swiftui-macos-builtin-keyboard-shortcuts-demo/build/out/DerivedData/Build/Intermediates.noindex/SwiftUIBuiltinKeyboardShortcutsDemo.build/Debug/SwiftUIBuiltinKeyboardShortcutsDemo.build/Objects-normal/x86_64/SwiftUIBuiltinKeyboardShortcutsDemo_dependency_info.dat --stringsdata-file /Volumes/SN550-2T/freewind-demos/swiftui-macos-builtin-keyboard-shortcuts-demo/build/out/DerivedData/Build/Intermediates.noindex/SwiftUIBuiltinKeyboardShortcutsDemo.build/Debug/SwiftUIBuiltinKeyboardShortcutsDemo.build/Objects-normal/x86_64/ExtractedAppShortcutsMetadata.stringsdata --source-file-list /Volumes/SN550-2T/freewind-demos/swiftui-macos-builtin-keyboard-shortcuts-demo/build/out/DerivedData/Build/Intermediates.noindex/SwiftUIBuiltinKeyboardShortcutsDemo.build/Debug/SwiftUIBuiltinKeyboardShortcutsDemo.build/Objects-normal/x86_64/SwiftUIBuiltinKeyboardShortcutsDemo.SwiftFileList --metadata-file-list /Volumes/SN550-2T/freewind-demos/swiftui-macos-builtin-keyboard-shortcuts-demo/build/out/DerivedData/Build/Intermediates.noindex/SwiftUIBuiltinKeyboardShortcutsDemo.build/Debug/SwiftUIBuiltinKeyboardShortcutsDemo.build/SwiftUIBuiltinKeyboardShortcutsDemo.DependencyMetadataFileList --static-metadata-file-list /Volumes/SN550-2T/freewind-demos/swiftui-macos-builtin-keyboard-shortcuts-demo/build/out/DerivedData/Build/Intermediates.noindex/SwiftUIBuiltinKeyboardShortcutsDemo.build/Debug/SwiftUIBuiltinKeyboardShortcutsDemo.build/SwiftUIBuiltinKeyboardShortcutsDemo.DependencyStaticMetadataFileList --swift-const-vals-list /Volumes/SN550-2T/freewind-demos/swiftui-macos-builtin-keyboard-shortcuts-demo/build/out/DerivedData/Build/Intermediates.noindex/SwiftUIBuiltinKeyboardShortcutsDemo.build/Debug/SwiftUIBuiltinKeyboardShortcutsDemo.build/Objects-normal/x86_64/SwiftUIBuiltinKeyboardShortcutsDemo.SwiftConstValuesFileList --compile-time-extraction --deployment-aware-processing --validate-assistant-intents --no-app-shortcuts-localization
2026-05-19 16:11:23.985 appintentsmetadataprocessor[98299:3418195] Starting appintentsmetadataprocessor export
2026-05-19 16:11:23.988 appintentsmetadataprocessor[98299:3418195] warning: Metadata extraction skipped. No AppIntents.framework dependency found.

CopySwiftLibs /Volumes/SN550-2T/freewind-demos/swiftui-macos-builtin-keyboard-shortcuts-demo/build/out/Debug/SwiftUIBuiltinKeyboardShortcutsDemo.app (in target 'SwiftUIBuiltinKeyboardShortcutsDemo' from project 'SwiftUIBuiltinKeyboardShortcutsDemo')
    cd /Volumes/SN550-2T/freewind-demos/swiftui-macos-builtin-keyboard-shortcuts-demo
    builtin-swiftStdLibTool --copy --verbose --sign - --scan-executable /Volumes/SN550-2T/freewind-demos/swiftui-macos-builtin-keyboard-shortcuts-demo/build/out/Debug/SwiftUIBuiltinKeyboardShortcutsDemo.app/Contents/MacOS/SwiftUIBuiltinKeyboardShortcutsDemo.debug.dylib --scan-folder /Volumes/SN550-2T/freewind-demos/swiftui-macos-builtin-keyboard-shortcuts-demo/build/out/Debug/SwiftUIBuiltinKeyboardShortcutsDemo.app/Contents/Frameworks --scan-folder /Volumes/SN550-2T/freewind-demos/swiftui-macos-builtin-keyboard-shortcuts-demo/build/out/Debug/SwiftUIBuiltinKeyboardShortcutsDemo.app/Contents/PlugIns --scan-folder /Volumes/SN550-2T/freewind-demos/swiftui-macos-builtin-keyboard-shortcuts-demo/build/out/Debug/SwiftUIBuiltinKeyboardShortcutsDemo.app/Contents/Library/SystemExtensions --scan-folder /Volumes/SN550-2T/freewind-demos/swiftui-macos-builtin-keyboard-shortcuts-demo/build/out/Debug/SwiftUIBuiltinKeyboardShortcutsDemo.app/Contents/Extensions --platform macosx --toolchain /Applications/Xcode.app/Contents/Developer/Toolchains/XcodeDefault.xctoolchain --destination /Volumes/SN550-2T/freewind-demos/swiftui-macos-builtin-keyboard-shortcuts-demo/build/out/Debug/SwiftUIBuiltinKeyboardShortcutsDemo.app/Contents/Frameworks --strip-bitcode --strip-bitcode-tool /Applications/Xcode.app/Contents/Developer/Toolchains/XcodeDefault.xctoolchain/usr/bin/bitcode_strip --emit-dependency-info /Volumes/SN550-2T/freewind-demos/swiftui-macos-builtin-keyboard-shortcuts-demo/build/out/DerivedData/Build/Intermediates.noindex/SwiftUIBuiltinKeyboardShortcutsDemo.build/Debug/SwiftUIBuiltinKeyboardShortcutsDemo.build/SwiftStdLibToolInputDependencies.dep --filter-for-swift-os --back-deploy-swift-span

CodeSign /Volumes/SN550-2T/freewind-demos/swiftui-macos-builtin-keyboard-shortcuts-demo/build/out/Debug/SwiftUIBuiltinKeyboardShortcutsDemo.app/Contents/MacOS/SwiftUIBuiltinKeyboardShortcutsDemo.debug.dylib (in target 'SwiftUIBuiltinKeyboardShortcutsDemo' from project 'SwiftUIBuiltinKeyboardShortcutsDemo')
    cd /Volumes/SN550-2T/freewind-demos/swiftui-macos-builtin-keyboard-shortcuts-demo
    
    Signing Identity:     "Sign to Run Locally"
    
    /usr/bin/codesign --force --sign - --timestamp\=none --generate-entitlement-der /Volumes/SN550-2T/freewind-demos/swiftui-macos-builtin-keyboard-shortcuts-demo/build/out/Debug/SwiftUIBuiltinKeyboardShortcutsDemo.app/Contents/MacOS/SwiftUIBuiltinKeyboardShortcutsDemo.debug.dylib

CodeSign /Volumes/SN550-2T/freewind-demos/swiftui-macos-builtin-keyboard-shortcuts-demo/build/out/Debug/SwiftUIBuiltinKeyboardShortcutsDemo.app/Contents/MacOS/__preview.dylib (in target 'SwiftUIBuiltinKeyboardShortcutsDemo' from project 'SwiftUIBuiltinKeyboardShortcutsDemo')
    cd /Volumes/SN550-2T/freewind-demos/swiftui-macos-builtin-keyboard-shortcuts-demo
    
    Signing Identity:     "Sign to Run Locally"
    
    /usr/bin/codesign --force --sign - --timestamp\=none --generate-entitlement-der /Volumes/SN550-2T/freewind-demos/swiftui-macos-builtin-keyboard-shortcuts-demo/build/out/Debug/SwiftUIBuiltinKeyboardShortcutsDemo.app/Contents/MacOS/__preview.dylib

CodeSign /Volumes/SN550-2T/freewind-demos/swiftui-macos-builtin-keyboard-shortcuts-demo/build/out/Debug/SwiftUIBuiltinKeyboardShortcutsDemo.app (in target 'SwiftUIBuiltinKeyboardShortcutsDemo' from project 'SwiftUIBuiltinKeyboardShortcutsDemo')
    cd /Volumes/SN550-2T/freewind-demos/swiftui-macos-builtin-keyboard-shortcuts-demo
    
    Signing Identity:     "Sign to Run Locally"
    
    /usr/bin/codesign --force --sign - --entitlements /Volumes/SN550-2T/freewind-demos/swiftui-macos-builtin-keyboard-shortcuts-demo/build/out/DerivedData/Build/Intermediates.noindex/SwiftUIBuiltinKeyboardShortcutsDemo.build/Debug/SwiftUIBuiltinKeyboardShortcutsDemo.build/SwiftUIBuiltinKeyboardShortcutsDemo.app.xcent --timestamp\=none --generate-entitlement-der /Volumes/SN550-2T/freewind-demos/swiftui-macos-builtin-keyboard-shortcuts-demo/build/out/Debug/SwiftUIBuiltinKeyboardShortcutsDemo.app

RegisterExecutionPolicyException /Volumes/SN550-2T/freewind-demos/swiftui-macos-builtin-keyboard-shortcuts-demo/build/out/Debug/SwiftUIBuiltinKeyboardShortcutsDemo.app (in target 'SwiftUIBuiltinKeyboardShortcutsDemo' from project 'SwiftUIBuiltinKeyboardShortcutsDemo')
    cd /Volumes/SN550-2T/freewind-demos/swiftui-macos-builtin-keyboard-shortcuts-demo
    builtin-RegisterExecutionPolicyException /Volumes/SN550-2T/freewind-demos/swiftui-macos-builtin-keyboard-shortcuts-demo/build/out/Debug/SwiftUIBuiltinKeyboardShortcutsDemo.app

Validate /Volumes/SN550-2T/freewind-demos/swiftui-macos-builtin-keyboard-shortcuts-demo/build/out/Debug/SwiftUIBuiltinKeyboardShortcutsDemo.app (in target 'SwiftUIBuiltinKeyboardShortcutsDemo' from project 'SwiftUIBuiltinKeyboardShortcutsDemo')
    cd /Volumes/SN550-2T/freewind-demos/swiftui-macos-builtin-keyboard-shortcuts-demo
    builtin-validationUtility /Volumes/SN550-2T/freewind-demos/swiftui-macos-builtin-keyboard-shortcuts-demo/build/out/Debug/SwiftUIBuiltinKeyboardShortcutsDemo.app -no-validate-extension -infoplist-subpath Contents/Info.plist

Touch /Volumes/SN550-2T/freewind-demos/swiftui-macos-builtin-keyboard-shortcuts-demo/build/out/Debug/SwiftUIBuiltinKeyboardShortcutsDemo.app (in target 'SwiftUIBuiltinKeyboardShortcutsDemo' from project 'SwiftUIBuiltinKeyboardShortcutsDemo')
    cd /Volumes/SN550-2T/freewind-demos/swiftui-macos-builtin-keyboard-shortcuts-demo
    /usr/bin/touch -c /Volumes/SN550-2T/freewind-demos/swiftui-macos-builtin-keyboard-shortcuts-demo/build/out/Debug/SwiftUIBuiltinKeyboardShortcutsDemo.app

RegisterWithLaunchServices /Volumes/SN550-2T/freewind-demos/swiftui-macos-builtin-keyboard-shortcuts-demo/build/out/Debug/SwiftUIBuiltinKeyboardShortcutsDemo.app (in target 'SwiftUIBuiltinKeyboardShortcutsDemo' from project 'SwiftUIBuiltinKeyboardShortcutsDemo')
    cd /Volumes/SN550-2T/freewind-demos/swiftui-macos-builtin-keyboard-shortcuts-demo
    /System/Library/Frameworks/CoreServices.framework/Versions/Current/Frameworks/LaunchServices.framework/Versions/Current/Support/lsregister -f -R -trusted /Volumes/SN550-2T/freewind-demos/swiftui-macos-builtin-keyboard-shortcuts-demo/build/out/Debug/SwiftUIBuiltinKeyboardShortcutsDemo.app

** BUILD SUCCEEDED **

